{'stage': 'gradient', 'directory': '/Users/fish/Documents/GitHub/Retention-Time-Prediction-for-Chromatographic-Enantioseparation/studies/active_learning/odh_representation_coreset_extension_v1/runtime/random/round_3/raw_gradient_bank', 'completed': 1, 'total': 4447, 'seconds': 0.045087332982802764}
{'stage': 'gradient', 'directory': '/Users/fish/Documents/GitHub/Retention-Time-Prediction-for-Chromatographic-Enantioseparation/studies/active_learning/odh_representation_coreset_extension_v1/runtime/random/round_3/raw_gradient_bank', 'completed': 250, 'total': 4447, 'seconds': 3.721169958007522}
{'stage': 'gradient', 'directory': '/Users/fish/Documents/GitHub/Retention-Time-Prediction-for-Chromatographic-Enantioseparation/studies/active_learning/odh_representation_coreset_extension_v1/runtime/random/round_3/raw_gradient_bank', 'completed': 500, 'total': 4447, 'seconds': 7.407402957993327}
{'stage': 'gradient', 'directory': '/Users/fish/Documents/GitHub/Retention-Time-Prediction-for-Chromatographic-Enantioseparation/studies/active_learning/odh_representation_coreset_extension_v1/runtime/random/round_3/raw_gradient_bank', 'completed': 750, 'total': 4447, 'seconds': 11.09478083299473}
{'stage': 'gradient', 'directory': '/Users/fish/Documents/GitHub/Retention-Time-Prediction-for-Chromatographic-Enantioseparation/studies/active_learning/odh_representation_coreset_extension_v1/runtime/random/round_3/raw_gradient_bank', 'completed': 1000, 'total': 4447, 'seconds': 14.815712582989363}
{'stage': 'gradient', 'directory': '/Users/fish/Documents/GitHub/Retention-Time-Prediction-for-Chromatographic-Enantioseparation/studies/active_learning/odh_representation_coreset_extension_v1/runtime/random/round_3/raw_gradient_bank', 'completed': 1250, 'total': 4447, 'seconds': 19.923271582985763}
{'stage': 'gradient', 'directory': '/Users/fish/Documents/GitHub/Retention-Time-Prediction-for-Chromatographic-Enantioseparation/studies/active_learning/odh_representation_coreset_extension_v1/runtime/random/round_3/raw_gradient_bank', 'completed': 1500, 'total': 4447, 'seconds': 24.447947540989844}
{'stage': 'gradient', 'directory': '/Users/fish/Documents/GitHub/Retention-Time-Prediction-for-Chromatographic-Enantioseparation/studies/active_learning/odh_representation_coreset_extension_v1/runtime/random/round_3/raw_gradient_bank', 'completed': 1750, 'total': 4447, 'seconds': 28.83179199998267}
{'stage': 'gradient', 'directory': '/Users/fish/Documents/GitHub/Retention-Time-Prediction-for-Chromatographic-Enantioseparation/studies/active_learning/odh_representation_coreset_extension_v1/runtime/random/round_3/raw_gradient_bank', 'completed': 2000, 'total': 4447, 'seconds': 33.44782149998355}
{'stage': 'gradient', 'directory': '/Users/fish/Documents/GitHub/Retention-Time-Prediction-for-Chromatographic-Enantioseparation/studies/active_learning/odh_representation_coreset_extension_v1/runtime/random/round_3/raw_gradient_bank', 'completed': 2250, 'total': 4447, 'seconds': 37.98077145800926}
{'stage': 'gradient', 'directory': '/Users/fish/Documents/GitHub/Retention-Time-Prediction-for-Chromatographic-Enantioseparation/studies/active_learning/odh_representation_coreset_extension_v1/runtime/random/round_3/raw_gradient_bank', 'completed': 2500, 'total': 4447, 'seconds': 42.30873962500482}
{'stage': 'gradient', 'directory': '/Users/fish/Documents/GitHub/Retention-Time-Prediction-for-Chromatographic-Enantioseparation/studies/active_learning/odh_representation_coreset_extension_v1/runtime/random/round_3/raw_gradient_bank', 'completed': 2750, 'total': 4447, 'seconds': 46.86816345798434}
{'stage': 'gradient', 'directory': '/Users/fish/Documents/GitHub/Retention-Time-Prediction-for-Chromatographic-Enantioseparation/studies/active_learning/odh_representation_coreset_extension_v1/runtime/random/round_3/raw_gradient_bank', 'completed': 3000, 'total': 4447, 'seconds': 51.460496082989266}
{'stage': 'gradient', 'directory': '/Users/fish/Documents/GitHub/Retention-Time-Prediction-for-Chromatographic-Enantioseparation/studies/active_learning/odh_representation_coreset_extension_v1/runtime/random/round_3/raw_gradient_bank', 'completed': 3250, 'total': 4447, 'seconds': 55.94702854100615}
{'stage': 'gradient', 'directory': '/Users/fish/Documents/GitHub/Retention-Time-Prediction-for-Chromatographic-Enantioseparation/studies/active_learning/odh_representation_coreset_extension_v1/runtime/random/round_3/raw_gradient_bank', 'completed': 3500, 'total': 4447, 'seconds': 60.251834124996094}
{'stage': 'gradient', 'directory': '/Users/fish/Documents/GitHub/Retention-Time-Prediction-for-Chromatographic-Enantioseparation/studies/active_learning/odh_representation_coreset_extension_v1/runtime/random/round_3/raw_gradient_bank', 'completed': 3750, 'total': 4447, 'seconds': 64.95959333298379}
{'stage': 'gradient', 'directory': '/Users/fish/Documents/GitHub/Retention-Time-Prediction-for-Chromatographic-Enantioseparation/studies/active_learning/odh_representation_coreset_extension_v1/runtime/random/round_3/raw_gradient_bank', 'completed': 4000, 'total': 4447, 'seconds': 69.73142783300136}
{'stage': 'gradient', 'directory': '/Users/fish/Documents/GitHub/Retention-Time-Prediction-for-Chromatographic-Enantioseparation/studies/active_learning/odh_representation_coreset_extension_v1/runtime/random/round_3/raw_gradient_bank', 'completed': 4250, 'total': 4447, 'seconds': 73.98959658300737}
{'stage': 'gradient', 'directory': '/Users/fish/Documents/GitHub/Retention-Time-Prediction-for-Chromatographic-Enantioseparation/studies/active_learning/odh_representation_coreset_extension_v1/runtime/random/round_3/raw_gradient_bank', 'completed': 4447, 'total': 4447, 'seconds': 77.42279804099235}
Traceback (most recent call last):
  File "/Users/fish/Documents/GitHub/Retention-Time-Prediction-for-Chromatographic-Enantioseparation/scripts/run_hplc_representation_extension.py", line 14, in <module>
    run()
  File "/Users/fish/Documents/GitHub/Retention-Time-Prediction-for-Chromatographic-Enantioseparation/src/hplc_al/representation_extension.py", line 370, in run
    _commit_round(study,method,r,staged[(method,r)],selection)
  File "/Users/fish/Documents/GitHub/Retention-Time-Prediction-for-Chromatographic-Enantioseparation/src/hplc_al/representation_extension.py", line 247, in _commit_round
    record = dict(**stage, selected=selection['selected'] if selection else [],
             ^^^^^^^^^^^^^^^^^^^^^^^^^^^^^^^^^^^^^^^^^^^^^^^^^^^^^^^^^^^^^^^^^^
TypeError: dict() got multiple values for keyword argument 'files'
