{'stage': 'gradient', 'directory': '/Users/fish/Documents/GitHub/Retention-Time-Prediction-for-Chromatographic-Enantioseparation/studies/active_learning/odh_gradient_al_transfer_v2/runtime/shared_round_0/raw_gradient_bank', 'completed': 1, 'total': 4447, 'seconds': 0.0246382080076728}
{'stage': 'gradient', 'directory': '/Users/fish/Documents/GitHub/Retention-Time-Prediction-for-Chromatographic-Enantioseparation/studies/active_learning/odh_gradient_al_transfer_v2/runtime/shared_round_0/raw_gradient_bank', 'completed': 250, 'total': 4447, 'seconds': 2.6196014580054907}
{'stage': 'gradient', 'directory': '/Users/fish/Documents/GitHub/Retention-Time-Prediction-for-Chromatographic-Enantioseparation/studies/active_learning/odh_gradient_al_transfer_v2/runtime/shared_round_0/raw_gradient_bank', 'completed': 500, 'total': 4447, 'seconds': 5.227358332995209}
{'stage': 'gradient', 'directory': '/Users/fish/Documents/GitHub/Retention-Time-Prediction-for-Chromatographic-Enantioseparation/studies/active_learning/odh_gradient_al_transfer_v2/runtime/shared_round_0/raw_gradient_bank', 'completed': 750, 'total': 4447, 'seconds': 7.787339333008276}
{'stage': 'gradient', 'directory': '/Users/fish/Documents/GitHub/Retention-Time-Prediction-for-Chromatographic-Enantioseparation/studies/active_learning/odh_gradient_al_transfer_v2/runtime/shared_round_0/raw_gradient_bank', 'completed': 1000, 'total': 4447, 'seconds': 10.317707333000726}
{'stage': 'gradient', 'directory': '/Users/fish/Documents/GitHub/Retention-Time-Prediction-for-Chromatographic-Enantioseparation/studies/active_learning/odh_gradient_al_transfer_v2/runtime/shared_round_0/raw_gradient_bank', 'completed': 1250, 'total': 4447, 'seconds': 12.947993833004148}
{'stage': 'gradient', 'directory': '/Users/fish/Documents/GitHub/Retention-Time-Prediction-for-Chromatographic-Enantioseparation/studies/active_learning/odh_gradient_al_transfer_v2/runtime/shared_round_0/raw_gradient_bank', 'completed': 1500, 'total': 4447, 'seconds': 15.61183329099731}
{'stage': 'gradient', 'directory': '/Users/fish/Documents/GitHub/Retention-Time-Prediction-for-Chromatographic-Enantioseparation/studies/active_learning/odh_gradient_al_transfer_v2/runtime/shared_round_0/raw_gradient_bank', 'completed': 1750, 'total': 4447, 'seconds': 18.181313166001928}
{'stage': 'gradient', 'directory': '/Users/fish/Documents/GitHub/Retention-Time-Prediction-for-Chromatographic-Enantioseparation/studies/active_learning/odh_gradient_al_transfer_v2/runtime/shared_round_0/raw_gradient_bank', 'completed': 2000, 'total': 4447, 'seconds': 20.820515540995984}
{'stage': 'gradient', 'directory': '/Users/fish/Documents/GitHub/Retention-Time-Prediction-for-Chromatographic-Enantioseparation/studies/active_learning/odh_gradient_al_transfer_v2/runtime/shared_round_0/raw_gradient_bank', 'completed': 2250, 'total': 4447, 'seconds': 23.54370295800618}
{'stage': 'gradient', 'directory': '/Users/fish/Documents/GitHub/Retention-Time-Prediction-for-Chromatographic-Enantioseparation/studies/active_learning/odh_gradient_al_transfer_v2/runtime/shared_round_0/raw_gradient_bank', 'completed': 2500, 'total': 4447, 'seconds': 26.510112250005477}
{'stage': 'gradient', 'directory': '/Users/fish/Documents/GitHub/Retention-Time-Prediction-for-Chromatographic-Enantioseparation/studies/active_learning/odh_gradient_al_transfer_v2/runtime/shared_round_0/raw_gradient_bank', 'completed': 2750, 'total': 4447, 'seconds': 29.49108525000338}
{'stage': 'gradient', 'directory': '/Users/fish/Documents/GitHub/Retention-Time-Prediction-for-Chromatographic-Enantioseparation/studies/active_learning/odh_gradient_al_transfer_v2/runtime/shared_round_0/raw_gradient_bank', 'completed': 3000, 'total': 4447, 'seconds': 32.53058045799844}
{'stage': 'gradient', 'directory': '/Users/fish/Documents/GitHub/Retention-Time-Prediction-for-Chromatographic-Enantioseparation/studies/active_learning/odh_gradient_al_transfer_v2/runtime/shared_round_0/raw_gradient_bank', 'completed': 3250, 'total': 4447, 'seconds': 35.63246095800423}
{'stage': 'gradient', 'directory': '/Users/fish/Documents/GitHub/Retention-Time-Prediction-for-Chromatographic-Enantioseparation/studies/active_learning/odh_gradient_al_transfer_v2/runtime/shared_round_0/raw_gradient_bank', 'completed': 3500, 'total': 4447, 'seconds': 38.68905241599714}
{'stage': 'gradient', 'directory': '/Users/fish/Documents/GitHub/Retention-Time-Prediction-for-Chromatographic-Enantioseparation/studies/active_learning/odh_gradient_al_transfer_v2/runtime/shared_round_0/raw_gradient_bank', 'completed': 3750, 'total': 4447, 'seconds': 42.07893387500371}
{'stage': 'gradient', 'directory': '/Users/fish/Documents/GitHub/Retention-Time-Prediction-for-Chromatographic-Enantioseparation/studies/active_learning/odh_gradient_al_transfer_v2/runtime/shared_round_0/raw_gradient_bank', 'completed': 4000, 'total': 4447, 'seconds': 45.32330429099966}
{'stage': 'gradient', 'directory': '/Users/fish/Documents/GitHub/Retention-Time-Prediction-for-Chromatographic-Enantioseparation/studies/active_learning/odh_gradient_al_transfer_v2/runtime/shared_round_0/raw_gradient_bank', 'completed': 4250, 'total': 4447, 'seconds': 48.81564749999961}
{'stage': 'gradient', 'directory': '/Users/fish/Documents/GitHub/Retention-Time-Prediction-for-Chromatographic-Enantioseparation/studies/active_learning/odh_gradient_al_transfer_v2/runtime/shared_round_0/raw_gradient_bank', 'completed': 4447, 'total': 4447, 'seconds': 51.81158974999562}
{'stage': 'fit', 'directory': '/Users/fish/Documents/GitHub/Retention-Time-Prediction-for-Chromatographic-Enantioseparation/studies/active_learning/odh_gradient_al_transfer_v2/runtime/random/round_1/fit', 'epoch': 1, 'best_epoch': 1, 'validation_mse': 229.55219038303852, 'seconds': 1.5602594160009176}
{'stage': 'fit', 'directory': '/Users/fish/Documents/GitHub/Retention-Time-Prediction-for-Chromatographic-Enantioseparation/studies/active_learning/odh_gradient_al_transfer_v2/runtime/random/round_1/fit', 'epoch': 25, 'best_epoch': 25, 'validation_mse': 61.070424587051654, 'seconds': 34.55388424999546}
{'stage': 'fit', 'directory': '/Users/fish/Documents/GitHub/Retention-Time-Prediction-for-Chromatographic-Enantioseparation/studies/active_learning/odh_gradient_al_transfer_v2/runtime/random/round_1/fit', 'epoch': 50, 'best_epoch': 33, 'validation_mse': 64.23174538452, 'seconds': 68.56373366600019}
{'stage': 'fit', 'directory': '/Users/fish/Documents/GitHub/Retention-Time-Prediction-for-Chromatographic-Enantioseparation/studies/active_learning/odh_gradient_al_transfer_v2/runtime/random/round_1/fit', 'epoch': 75, 'best_epoch': 33, 'validation_mse': 63.984540770816366, 'seconds': 102.69967612500477}
{'stage': 'fit', 'directory': '/Users/fish/Documents/GitHub/Retention-Time-Prediction-for-Chromatographic-Enantioseparation/studies/active_learning/odh_gradient_al_transfer_v2/runtime/random/round_1/fit', 'epoch': 100, 'best_epoch': 33, 'validation_mse': 68.59152926327175, 'seconds': 136.16852979100076}
{'stage': 'fit', 'directory': '/Users/fish/Documents/GitHub/Retention-Time-Prediction-for-Chromatographic-Enantioseparation/studies/active_learning/odh_gradient_al_transfer_v2/runtime/random/round_1/fit', 'epoch': 125, 'best_epoch': 33, 'validation_mse': 71.25085885561248, 'seconds': 169.80973379100033}
{'stage': 'gradient', 'directory': '/Users/fish/Documents/GitHub/Retention-Time-Prediction-for-Chromatographic-Enantioseparation/studies/active_learning/odh_gradient_al_transfer_v2/runtime/random/round_1/raw_gradient_bank', 'completed': 1, 'total': 4447, 'seconds': 0.03396387500106357}
{'stage': 'gradient', 'directory': '/Users/fish/Documents/GitHub/Retention-Time-Prediction-for-Chromatographic-Enantioseparation/studies/active_learning/odh_gradient_al_transfer_v2/runtime/random/round_1/raw_gradient_bank', 'completed': 250, 'total': 4447, 'seconds': 4.468233583000256}
{'stage': 'gradient', 'directory': '/Users/fish/Documents/GitHub/Retention-Time-Prediction-for-Chromatographic-Enantioseparation/studies/active_learning/odh_gradient_al_transfer_v2/runtime/random/round_1/raw_gradient_bank', 'completed': 500, 'total': 4447, 'seconds': 9.079791041003773}
{'stage': 'gradient', 'directory': '/Users/fish/Documents/GitHub/Retention-Time-Prediction-for-Chromatographic-Enantioseparation/studies/active_learning/odh_gradient_al_transfer_v2/runtime/random/round_1/raw_gradient_bank', 'completed': 750, 'total': 4447, 'seconds': 13.828218416005257}
{'stage': 'gradient', 'directory': '/Users/fish/Documents/GitHub/Retention-Time-Prediction-for-Chromatographic-Enantioseparation/studies/active_learning/odh_gradient_al_transfer_v2/runtime/random/round_1/raw_gradient_bank', 'completed': 1000, 'total': 4447, 'seconds': 18.34632725000847}
{'stage': 'gradient', 'directory': '/Users/fish/Documents/GitHub/Retention-Time-Prediction-for-Chromatographic-Enantioseparation/studies/active_learning/odh_gradient_al_transfer_v2/runtime/random/round_1/raw_gradient_bank', 'completed': 1250, 'total': 4447, 'seconds': 22.59231891600939}
{'stage': 'gradient', 'directory': '/Users/fish/Documents/GitHub/Retention-Time-Prediction-for-Chromatographic-Enantioseparation/studies/active_learning/odh_gradient_al_transfer_v2/runtime/random/round_1/raw_gradient_bank', 'completed': 1500, 'total': 4447, 'seconds': 26.6720421659993}
{'stage': 'gradient', 'directory': '/Users/fish/Documents/GitHub/Retention-Time-Prediction-for-Chromatographic-Enantioseparation/studies/active_learning/odh_gradient_al_transfer_v2/runtime/random/round_1/raw_gradient_bank', 'completed': 1750, 'total': 4447, 'seconds': 30.778325625011348}
{'stage': 'gradient', 'directory': '/Users/fish/Documents/GitHub/Retention-Time-Prediction-for-Chromatographic-Enantioseparation/studies/active_learning/odh_gradient_al_transfer_v2/runtime/random/round_1/raw_gradient_bank', 'completed': 2000, 'total': 4447, 'seconds': 35.37935516600555}
{'stage': 'gradient', 'directory': '/Users/fish/Documents/GitHub/Retention-Time-Prediction-for-Chromatographic-Enantioseparation/studies/active_learning/odh_gradient_al_transfer_v2/runtime/random/round_1/raw_gradient_bank', 'completed': 2250, 'total': 4447, 'seconds': 39.47580500000913}
{'stage': 'gradient', 'directory': '/Users/fish/Documents/GitHub/Retention-Time-Prediction-for-Chromatographic-Enantioseparation/studies/active_learning/odh_gradient_al_transfer_v2/runtime/random/round_1/raw_gradient_bank', 'completed': 2500, 'total': 4447, 'seconds': 43.854911333008204}
{'stage': 'gradient', 'directory': '/Users/fish/Documents/GitHub/Retention-Time-Prediction-for-Chromatographic-Enantioseparation/studies/active_learning/odh_gradient_al_transfer_v2/runtime/random/round_1/raw_gradient_bank', 'completed': 2750, 'total': 4447, 'seconds': 48.53154533301131}
{'stage': 'gradient', 'directory': '/Users/fish/Documents/GitHub/Retention-Time-Prediction-for-Chromatographic-Enantioseparation/studies/active_learning/odh_gradient_al_transfer_v2/runtime/random/round_1/raw_gradient_bank', 'completed': 3000, 'total': 4447, 'seconds': 52.23765616600576}
{'stage': 'gradient', 'directory': '/Users/fish/Documents/GitHub/Retention-Time-Prediction-for-Chromatographic-Enantioseparation/studies/active_learning/odh_gradient_al_transfer_v2/runtime/random/round_1/raw_gradient_bank', 'completed': 3250, 'total': 4447, 'seconds': 56.25408654099738}
{'stage': 'gradient', 'directory': '/Users/fish/Documents/GitHub/Retention-Time-Prediction-for-Chromatographic-Enantioseparation/studies/active_learning/odh_gradient_al_transfer_v2/runtime/random/round_1/raw_gradient_bank', 'completed': 3500, 'total': 4447, 'seconds': 59.956430083009764}
{'stage': 'gradient', 'directory': '/Users/fish/Documents/GitHub/Retention-Time-Prediction-for-Chromatographic-Enantioseparation/studies/active_learning/odh_gradient_al_transfer_v2/runtime/random/round_1/raw_gradient_bank', 'completed': 3750, 'total': 4447, 'seconds': 63.65558862499893}
{'stage': 'gradient', 'directory': '/Users/fish/Documents/GitHub/Retention-Time-Prediction-for-Chromatographic-Enantioseparation/studies/active_learning/odh_gradient_al_transfer_v2/runtime/random/round_1/raw_gradient_bank', 'completed': 4000, 'total': 4447, 'seconds': 67.40766599999915}
{'stage': 'gradient', 'directory': '/Users/fish/Documents/GitHub/Retention-Time-Prediction-for-Chromatographic-Enantioseparation/studies/active_learning/odh_gradient_al_transfer_v2/runtime/random/round_1/raw_gradient_bank', 'completed': 4250, 'total': 4447, 'seconds': 71.22159083301085}
{'stage': 'gradient', 'directory': '/Users/fish/Documents/GitHub/Retention-Time-Prediction-for-Chromatographic-Enantioseparation/studies/active_learning/odh_gradient_al_transfer_v2/runtime/random/round_1/raw_gradient_bank', 'completed': 4447, 'total': 4447, 'seconds': 74.1676922080078}
{'stage': 'fit', 'directory': '/Users/fish/Documents/GitHub/Retention-Time-Prediction-for-Chromatographic-Enantioseparation/studies/active_learning/odh_gradient_al_transfer_v2/runtime/random/round_2/fit', 'epoch': 1, 'best_epoch': 1, 'validation_mse': 241.93073412803216, 'seconds': 1.194627999997465}
{'stage': 'fit', 'directory': '/Users/fish/Documents/GitHub/Retention-Time-Prediction-for-Chromatographic-Enantioseparation/studies/active_learning/odh_gradient_al_transfer_v2/runtime/random/round_2/fit', 'epoch': 25, 'best_epoch': 17, 'validation_mse': 90.20512860717677, 'seconds': 27.02756508300081}
{'stage': 'fit', 'directory': '/Users/fish/Documents/GitHub/Retention-Time-Prediction-for-Chromatographic-Enantioseparation/studies/active_learning/odh_gradient_al_transfer_v2/runtime/random/round_2/fit', 'epoch': 50, 'best_epoch': 49, 'validation_mse': 62.657930120752965, 'seconds': 58.245638249994954}
{'stage': 'fit', 'directory': '/Users/fish/Documents/GitHub/Retention-Time-Prediction-for-Chromatographic-Enantioseparation/studies/active_learning/odh_gradient_al_transfer_v2/runtime/random/round_2/fit', 'epoch': 75, 'best_epoch': 49, 'validation_mse': 67.66217154948755, 'seconds': 92.47525175000192}
{'stage': 'fit', 'directory': '/Users/fish/Documents/GitHub/Retention-Time-Prediction-for-Chromatographic-Enantioseparation/studies/active_learning/odh_gradient_al_transfer_v2/runtime/random/round_2/fit', 'epoch': 100, 'best_epoch': 49, 'validation_mse': 69.3400321896878, 'seconds': 128.1248323329928}
{'stage': 'fit', 'directory': '/Users/fish/Documents/GitHub/Retention-Time-Prediction-for-Chromatographic-Enantioseparation/studies/active_learning/odh_gradient_al_transfer_v2/runtime/random/round_2/fit', 'epoch': 125, 'best_epoch': 49, 'validation_mse': 73.08592721234307, 'seconds': 169.7669799580035}
{'stage': 'gradient', 'directory': '/Users/fish/Documents/GitHub/Retention-Time-Prediction-for-Chromatographic-Enantioseparation/studies/active_learning/odh_gradient_al_transfer_v2/runtime/random/round_2/raw_gradient_bank', 'completed': 1, 'total': 4447, 'seconds': 0.022259874996962026}
{'stage': 'gradient', 'directory': '/Users/fish/Documents/GitHub/Retention-Time-Prediction-for-Chromatographic-Enantioseparation/studies/active_learning/odh_gradient_al_transfer_v2/runtime/random/round_2/raw_gradient_bank', 'completed': 250, 'total': 4447, 'seconds': 5.823793333998765}
{'stage': 'gradient', 'directory': '/Users/fish/Documents/GitHub/Retention-Time-Prediction-for-Chromatographic-Enantioseparation/studies/active_learning/odh_gradient_al_transfer_v2/runtime/random/round_2/raw_gradient_bank', 'completed': 500, 'total': 4447, 'seconds': 12.174374249996617}
{'stage': 'gradient', 'directory': '/Users/fish/Documents/GitHub/Retention-Time-Prediction-for-Chromatographic-Enantioseparation/studies/active_learning/odh_gradient_al_transfer_v2/runtime/random/round_2/raw_gradient_bank', 'completed': 750, 'total': 4447, 'seconds': 23.666738500003703}
{'stage': 'gradient', 'directory': '/Users/fish/Documents/GitHub/Retention-Time-Prediction-for-Chromatographic-Enantioseparation/studies/active_learning/odh_gradient_al_transfer_v2/runtime/random/round_2/raw_gradient_bank', 'completed': 1000, 'total': 4447, 'seconds': 32.8572897920094}
{'stage': 'gradient', 'directory': '/Users/fish/Documents/GitHub/Retention-Time-Prediction-for-Chromatographic-Enantioseparation/studies/active_learning/odh_gradient_al_transfer_v2/runtime/random/round_2/raw_gradient_bank', 'completed': 1250, 'total': 4447, 'seconds': 35.834257499998785}
{'stage': 'gradient', 'directory': '/Users/fish/Documents/GitHub/Retention-Time-Prediction-for-Chromatographic-Enantioseparation/studies/active_learning/odh_gradient_al_transfer_v2/runtime/random/round_2/raw_gradient_bank', 'completed': 1500, 'total': 4447, 'seconds': 38.77119237500301}
{'stage': 'gradient', 'directory': '/Users/fish/Documents/GitHub/Retention-Time-Prediction-for-Chromatographic-Enantioseparation/studies/active_learning/odh_gradient_al_transfer_v2/runtime/random/round_2/raw_gradient_bank', 'completed': 1750, 'total': 4447, 'seconds': 41.44282454199856}
{'stage': 'gradient', 'directory': '/Users/fish/Documents/GitHub/Retention-Time-Prediction-for-Chromatographic-Enantioseparation/studies/active_learning/odh_gradient_al_transfer_v2/runtime/random/round_2/raw_gradient_bank', 'completed': 2000, 'total': 4447, 'seconds': 44.14280416700058}
{'stage': 'gradient', 'directory': '/Users/fish/Documents/GitHub/Retention-Time-Prediction-for-Chromatographic-Enantioseparation/studies/active_learning/odh_gradient_al_transfer_v2/runtime/random/round_2/raw_gradient_bank', 'completed': 2250, 'total': 4447, 'seconds': 46.87293837500329}
{'stage': 'gradient', 'directory': '/Users/fish/Documents/GitHub/Retention-Time-Prediction-for-Chromatographic-Enantioseparation/studies/active_learning/odh_gradient_al_transfer_v2/runtime/random/round_2/raw_gradient_bank', 'completed': 2500, 'total': 4447, 'seconds': 50.07862549999845}
{'stage': 'gradient', 'directory': '/Users/fish/Documents/GitHub/Retention-Time-Prediction-for-Chromatographic-Enantioseparation/studies/active_learning/odh_gradient_al_transfer_v2/runtime/random/round_2/raw_gradient_bank', 'completed': 2750, 'total': 4447, 'seconds': 53.083293417003006}
{'stage': 'gradient', 'directory': '/Users/fish/Documents/GitHub/Retention-Time-Prediction-for-Chromatographic-Enantioseparation/studies/active_learning/odh_gradient_al_transfer_v2/runtime/random/round_2/raw_gradient_bank', 'completed': 3000, 'total': 4447, 'seconds': 56.074216459004674}
{'stage': 'gradient', 'directory': '/Users/fish/Documents/GitHub/Retention-Time-Prediction-for-Chromatographic-Enantioseparation/studies/active_learning/odh_gradient_al_transfer_v2/runtime/random/round_2/raw_gradient_bank', 'completed': 3250, 'total': 4447, 'seconds': 59.15848458399705}
{'stage': 'gradient', 'directory': '/Users/fish/Documents/GitHub/Retention-Time-Prediction-for-Chromatographic-Enantioseparation/studies/active_learning/odh_gradient_al_transfer_v2/runtime/random/round_2/raw_gradient_bank', 'completed': 3500, 'total': 4447, 'seconds': 62.41053016700607}
{'stage': 'gradient', 'directory': '/Users/fish/Documents/GitHub/Retention-Time-Prediction-for-Chromatographic-Enantioseparation/studies/active_learning/odh_gradient_al_transfer_v2/runtime/random/round_2/raw_gradient_bank', 'completed': 3750, 'total': 4447, 'seconds': 65.73652087499795}
{'stage': 'gradient', 'directory': '/Users/fish/Documents/GitHub/Retention-Time-Prediction-for-Chromatographic-Enantioseparation/studies/active_learning/odh_gradient_al_transfer_v2/runtime/random/round_2/raw_gradient_bank', 'completed': 4000, 'total': 4447, 'seconds': 68.64998470900173}
{'stage': 'gradient', 'directory': '/Users/fish/Documents/GitHub/Retention-Time-Prediction-for-Chromatographic-Enantioseparation/studies/active_learning/odh_gradient_al_transfer_v2/runtime/random/round_2/raw_gradient_bank', 'completed': 4250, 'total': 4447, 'seconds': 71.76936812500935}
{'stage': 'gradient', 'directory': '/Users/fish/Documents/GitHub/Retention-Time-Prediction-for-Chromatographic-Enantioseparation/studies/active_learning/odh_gradient_al_transfer_v2/runtime/random/round_2/raw_gradient_bank', 'completed': 4447, 'total': 4447, 'seconds': 74.17121658399992}
{'stage': 'fit', 'directory': '/Users/fish/Documents/GitHub/Retention-Time-Prediction-for-Chromatographic-Enantioseparation/studies/active_learning/odh_gradient_al_transfer_v2/runtime/random/round_3/fit', 'epoch': 1, 'best_epoch': 1, 'validation_mse': 219.95369503243705, 'seconds': 1.3334535000030883}
{'stage': 'fit', 'directory': '/Users/fish/Documents/GitHub/Retention-Time-Prediction-for-Chromatographic-Enantioseparation/studies/active_learning/odh_gradient_al_transfer_v2/runtime/random/round_3/fit', 'epoch': 25, 'best_epoch': 25, 'validation_mse': 60.19659240119975, 'seconds': 27.924180500005605}
{'stage': 'fit', 'directory': '/Users/fish/Documents/GitHub/Retention-Time-Prediction-for-Chromatographic-Enantioseparation/studies/active_learning/odh_gradient_al_transfer_v2/runtime/random/round_3/fit', 'epoch': 50, 'best_epoch': 29, 'validation_mse': 67.28149413516955, 'seconds': 55.30111158300133}
{'stage': 'fit', 'directory': '/Users/fish/Documents/GitHub/Retention-Time-Prediction-for-Chromatographic-Enantioseparation/studies/active_learning/odh_gradient_al_transfer_v2/runtime/random/round_3/fit', 'epoch': 75, 'best_epoch': 29, 'validation_mse': 67.54260356487997, 'seconds': 82.455493165995}
{'stage': 'fit', 'directory': '/Users/fish/Documents/GitHub/Retention-Time-Prediction-for-Chromatographic-Enantioseparation/studies/active_learning/odh_gradient_al_transfer_v2/runtime/random/round_3/fit', 'epoch': 100, 'best_epoch': 29, 'validation_mse': 69.71760072990391, 'seconds': 111.17784716600727}
{'stage': 'fit', 'directory': '/Users/fish/Documents/GitHub/Retention-Time-Prediction-for-Chromatographic-Enantioseparation/studies/active_learning/odh_gradient_al_transfer_v2/runtime/random/round_3/fit', 'epoch': 125, 'best_epoch': 29, 'validation_mse': 68.76240657070342, 'seconds': 150.20057329100382}
{'stage': 'fit', 'directory': '/Users/fish/Documents/GitHub/Retention-Time-Prediction-for-Chromatographic-Enantioseparation/studies/active_learning/odh_gradient_al_transfer_v2/runtime/raw_gradient_lcmd/round_1/fit', 'epoch': 1, 'best_epoch': 1, 'validation_mse': 222.30893060581656, 'seconds': 1.8754576669889502}
{'stage': 'fit', 'directory': '/Users/fish/Documents/GitHub/Retention-Time-Prediction-for-Chromatographic-Enantioseparation/studies/active_learning/odh_gradient_al_transfer_v2/runtime/raw_gradient_lcmd/round_1/fit', 'epoch': 25, 'best_epoch': 22, 'validation_mse': 131.17940456317106, 'seconds': 40.05361741699744}
{'stage': 'fit', 'directory': '/Users/fish/Documents/GitHub/Retention-Time-Prediction-for-Chromatographic-Enantioseparation/studies/active_learning/odh_gradient_al_transfer_v2/runtime/raw_gradient_lcmd/round_1/fit', 'epoch': 50, 'best_epoch': 48, 'validation_mse': 69.18639189763971, 'seconds': 69.9670105829864}
{'stage': 'fit', 'directory': '/Users/fish/Documents/GitHub/Retention-Time-Prediction-for-Chromatographic-Enantioseparation/studies/active_learning/odh_gradient_al_transfer_v2/runtime/raw_gradient_lcmd/round_1/fit', 'epoch': 75, 'best_epoch': 53, 'validation_mse': 69.37105263437672, 'seconds': 99.30200237499957}
{'stage': 'fit', 'directory': '/Users/fish/Documents/GitHub/Retention-Time-Prediction-for-Chromatographic-Enantioseparation/studies/active_learning/odh_gradient_al_transfer_v2/runtime/raw_gradient_lcmd/round_1/fit', 'epoch': 100, 'best_epoch': 53, 'validation_mse': 67.19601410451531, 'seconds': 123.55124337499728}
{'stage': 'fit', 'directory': '/Users/fish/Documents/GitHub/Retention-Time-Prediction-for-Chromatographic-Enantioseparation/studies/active_learning/odh_gradient_al_transfer_v2/runtime/raw_gradient_lcmd/round_1/fit', 'epoch': 125, 'best_epoch': 53, 'validation_mse': 64.03757378307647, 'seconds': 165.58761295799923}
{'stage': 'fit', 'directory': '/Users/fish/Documents/GitHub/Retention-Time-Prediction-for-Chromatographic-Enantioseparation/studies/active_learning/odh_gradient_al_transfer_v2/runtime/raw_gradient_lcmd/round_1/fit', 'epoch': 150, 'best_epoch': 145, 'validation_mse': 73.53545092653457, 'seconds': 197.3500449169951}
{'stage': 'fit', 'directory': '/Users/fish/Documents/GitHub/Retention-Time-Prediction-for-Chromatographic-Enantioseparation/studies/active_learning/odh_gradient_al_transfer_v2/runtime/raw_gradient_lcmd/round_1/fit', 'epoch': 175, 'best_epoch': 145, 'validation_mse': 65.81259120715866, 'seconds': 217.47196045798773}
{'stage': 'fit', 'directory': '/Users/fish/Documents/GitHub/Retention-Time-Prediction-for-Chromatographic-Enantioseparation/studies/active_learning/odh_gradient_al_transfer_v2/runtime/raw_gradient_lcmd/round_1/fit', 'epoch': 200, 'best_epoch': 189, 'validation_mse': 64.86974604271828, 'seconds': 238.33410724998976}
{'stage': 'fit', 'directory': '/Users/fish/Documents/GitHub/Retention-Time-Prediction-for-Chromatographic-Enantioseparation/studies/active_learning/odh_gradient_al_transfer_v2/runtime/raw_gradient_lcmd/round_1/fit', 'epoch': 225, 'best_epoch': 189, 'validation_mse': 66.16239447896501, 'seconds': 258.289247416993}
{'stage': 'fit', 'directory': '/Users/fish/Documents/GitHub/Retention-Time-Prediction-for-Chromatographic-Enantioseparation/studies/active_learning/odh_gradient_al_transfer_v2/runtime/raw_gradient_lcmd/round_1/fit', 'epoch': 250, 'best_epoch': 189, 'validation_mse': 69.63172979120202, 'seconds': 278.3047111249907}
{'stage': 'fit', 'directory': '/Users/fish/Documents/GitHub/Retention-Time-Prediction-for-Chromatographic-Enantioseparation/studies/active_learning/odh_gradient_al_transfer_v2/runtime/raw_gradient_lcmd/round_1/fit', 'epoch': 275, 'best_epoch': 189, 'validation_mse': 67.58984745403798, 'seconds': 298.2278575419914}
{'stage': 'gradient', 'directory': '/Users/fish/Documents/GitHub/Retention-Time-Prediction-for-Chromatographic-Enantioseparation/studies/active_learning/odh_gradient_al_transfer_v2/runtime/raw_gradient_lcmd/round_1/raw_gradient_bank', 'completed': 1, 'total': 4447, 'seconds': 0.01365116699889768}
{'stage': 'gradient', 'directory': '/Users/fish/Documents/GitHub/Retention-Time-Prediction-for-Chromatographic-Enantioseparation/studies/active_learning/odh_gradient_al_transfer_v2/runtime/raw_gradient_lcmd/round_1/raw_gradient_bank', 'completed': 250, 'total': 4447, 'seconds': 2.9979742919967975}
{'stage': 'gradient', 'directory': '/Users/fish/Documents/GitHub/Retention-Time-Prediction-for-Chromatographic-Enantioseparation/studies/active_learning/odh_gradient_al_transfer_v2/runtime/raw_gradient_lcmd/round_1/raw_gradient_bank', 'completed': 500, 'total': 4447, 'seconds': 5.929518708988326}
{'stage': 'gradient', 'directory': '/Users/fish/Documents/GitHub/Retention-Time-Prediction-for-Chromatographic-Enantioseparation/studies/active_learning/odh_gradient_al_transfer_v2/runtime/raw_gradient_lcmd/round_1/raw_gradient_bank', 'completed': 750, 'total': 4447, 'seconds': 8.862952291994588}
{'stage': 'gradient', 'directory': '/Users/fish/Documents/GitHub/Retention-Time-Prediction-for-Chromatographic-Enantioseparation/studies/active_learning/odh_gradient_al_transfer_v2/runtime/raw_gradient_lcmd/round_1/raw_gradient_bank', 'completed': 1000, 'total': 4447, 'seconds': 11.800249708991032}
{'stage': 'gradient', 'directory': '/Users/fish/Documents/GitHub/Retention-Time-Prediction-for-Chromatographic-Enantioseparation/studies/active_learning/odh_gradient_al_transfer_v2/runtime/raw_gradient_lcmd/round_1/raw_gradient_bank', 'completed': 1250, 'total': 4447, 'seconds': 14.84164741699351}
{'stage': 'gradient', 'directory': '/Users/fish/Documents/GitHub/Retention-Time-Prediction-for-Chromatographic-Enantioseparation/studies/active_learning/odh_gradient_al_transfer_v2/runtime/raw_gradient_lcmd/round_1/raw_gradient_bank', 'completed': 1500, 'total': 4447, 'seconds': 17.7857933339983}
{'stage': 'gradient', 'directory': '/Users/fish/Documents/GitHub/Retention-Time-Prediction-for-Chromatographic-Enantioseparation/studies/active_learning/odh_gradient_al_transfer_v2/runtime/raw_gradient_lcmd/round_1/raw_gradient_bank', 'completed': 1750, 'total': 4447, 'seconds': 20.883123208986945}
{'stage': 'gradient', 'directory': '/Users/fish/Documents/GitHub/Retention-Time-Prediction-for-Chromatographic-Enantioseparation/studies/active_learning/odh_gradient_al_transfer_v2/runtime/raw_gradient_lcmd/round_1/raw_gradient_bank', 'completed': 2000, 'total': 4447, 'seconds': 23.82628120899608}
{'stage': 'gradient', 'directory': '/Users/fish/Documents/GitHub/Retention-Time-Prediction-for-Chromatographic-Enantioseparation/studies/active_learning/odh_gradient_al_transfer_v2/runtime/raw_gradient_lcmd/round_1/raw_gradient_bank', 'completed': 2250, 'total': 4447, 'seconds': 27.004914916993584}
{'stage': 'gradient', 'directory': '/Users/fish/Documents/GitHub/Retention-Time-Prediction-for-Chromatographic-Enantioseparation/studies/active_learning/odh_gradient_al_transfer_v2/runtime/raw_gradient_lcmd/round_1/raw_gradient_bank', 'completed': 2500, 'total': 4447, 'seconds': 30.148102874998585}
{'stage': 'gradient', 'directory': '/Users/fish/Documents/GitHub/Retention-Time-Prediction-for-Chromatographic-Enantioseparation/studies/active_learning/odh_gradient_al_transfer_v2/runtime/raw_gradient_lcmd/round_1/raw_gradient_bank', 'completed': 2750, 'total': 4447, 'seconds': 33.52134058398951}
{'stage': 'gradient', 'directory': '/Users/fish/Documents/GitHub/Retention-Time-Prediction-for-Chromatographic-Enantioseparation/studies/active_learning/odh_gradient_al_transfer_v2/runtime/raw_gradient_lcmd/round_1/raw_gradient_bank', 'completed': 3000, 'total': 4447, 'seconds': 36.7189446669945}
{'stage': 'gradient', 'directory': '/Users/fish/Documents/GitHub/Retention-Time-Prediction-for-Chromatographic-Enantioseparation/studies/active_learning/odh_gradient_al_transfer_v2/runtime/raw_gradient_lcmd/round_1/raw_gradient_bank', 'completed': 3250, 'total': 4447, 'seconds': 40.10702091699932}
{'stage': 'gradient', 'directory': '/Users/fish/Documents/GitHub/Retention-Time-Prediction-for-Chromatographic-Enantioseparation/studies/active_learning/odh_gradient_al_transfer_v2/runtime/raw_gradient_lcmd/round_1/raw_gradient_bank', 'completed': 3500, 'total': 4447, 'seconds': 43.36172504199203}
{'stage': 'gradient', 'directory': '/Users/fish/Documents/GitHub/Retention-Time-Prediction-for-Chromatographic-Enantioseparation/studies/active_learning/odh_gradient_al_transfer_v2/runtime/raw_gradient_lcmd/round_1/raw_gradient_bank', 'completed': 3750, 'total': 4447, 'seconds': 46.93110362498555}
{'stage': 'gradient', 'directory': '/Users/fish/Documents/GitHub/Retention-Time-Prediction-for-Chromatographic-Enantioseparation/studies/active_learning/odh_gradient_al_transfer_v2/runtime/raw_gradient_lcmd/round_1/raw_gradient_bank', 'completed': 4000, 'total': 4447, 'seconds': 50.35239949999959}
{'stage': 'gradient', 'directory': '/Users/fish/Documents/GitHub/Retention-Time-Prediction-for-Chromatographic-Enantioseparation/studies/active_learning/odh_gradient_al_transfer_v2/runtime/raw_gradient_lcmd/round_1/raw_gradient_bank', 'completed': 4250, 'total': 4447, 'seconds': 53.753062374991714}
{'stage': 'gradient', 'directory': '/Users/fish/Documents/GitHub/Retention-Time-Prediction-for-Chromatographic-Enantioseparation/studies/active_learning/odh_gradient_al_transfer_v2/runtime/raw_gradient_lcmd/round_1/raw_gradient_bank', 'completed': 4447, 'total': 4447, 'seconds': 56.51055320899468}
{'stage': 'fit', 'directory': '/Users/fish/Documents/GitHub/Retention-Time-Prediction-for-Chromatographic-Enantioseparation/studies/active_learning/odh_gradient_al_transfer_v2/runtime/raw_gradient_lcmd/round_2/fit', 'epoch': 1, 'best_epoch': 1, 'validation_mse': 234.75783319370004, 'seconds': 1.0258209580060793}
{'stage': 'fit', 'directory': '/Users/fish/Documents/GitHub/Retention-Time-Prediction-for-Chromatographic-Enantioseparation/studies/active_learning/odh_gradient_al_transfer_v2/runtime/raw_gradient_lcmd/round_2/fit', 'epoch': 25, 'best_epoch': 23, 'validation_mse': 70.8392337206965, 'seconds': 38.724414000011166}
{'stage': 'fit', 'directory': '/Users/fish/Documents/GitHub/Retention-Time-Prediction-for-Chromatographic-Enantioseparation/studies/active_learning/odh_gradient_al_transfer_v2/runtime/raw_gradient_lcmd/round_2/fit', 'epoch': 50, 'best_epoch': 42, 'validation_mse': 62.133166544926574, 'seconds': 85.14927070800331}
{'stage': 'fit', 'directory': '/Users/fish/Documents/GitHub/Retention-Time-Prediction-for-Chromatographic-Enantioseparation/studies/active_learning/odh_gradient_al_transfer_v2/runtime/raw_gradient_lcmd/round_2/fit', 'epoch': 75, 'best_epoch': 54, 'validation_mse': 66.28804417052206, 'seconds': 104.28913495800225}
{'stage': 'fit', 'directory': '/Users/fish/Documents/GitHub/Retention-Time-Prediction-for-Chromatographic-Enantioseparation/studies/active_learning/odh_gradient_al_transfer_v2/runtime/raw_gradient_lcmd/round_2/fit', 'epoch': 100, 'best_epoch': 83, 'validation_mse': 66.87970492650781, 'seconds': 122.36389333300758}
{'stage': 'fit', 'directory': '/Users/fish/Documents/GitHub/Retention-Time-Prediction-for-Chromatographic-Enantioseparation/studies/active_learning/odh_gradient_al_transfer_v2/runtime/raw_gradient_lcmd/round_2/fit', 'epoch': 125, 'best_epoch': 125, 'validation_mse': 57.77029734012233, 'seconds': 139.33513474999927}
{'stage': 'fit', 'directory': '/Users/fish/Documents/GitHub/Retention-Time-Prediction-for-Chromatographic-Enantioseparation/studies/active_learning/odh_gradient_al_transfer_v2/runtime/raw_gradient_lcmd/round_2/fit', 'epoch': 150, 'best_epoch': 125, 'validation_mse': 61.881151459806695, 'seconds': 163.64857495800243}
{'stage': 'fit', 'directory': '/Users/fish/Documents/GitHub/Retention-Time-Prediction-for-Chromatographic-Enantioseparation/studies/active_learning/odh_gradient_al_transfer_v2/runtime/raw_gradient_lcmd/round_2/fit', 'epoch': 175, 'best_epoch': 125, 'validation_mse': 62.8527643125044, 'seconds': 188.92461691700737}
{'stage': 'fit', 'directory': '/Users/fish/Documents/GitHub/Retention-Time-Prediction-for-Chromatographic-Enantioseparation/studies/active_learning/odh_gradient_al_transfer_v2/runtime/raw_gradient_lcmd/round_2/fit', 'epoch': 200, 'best_epoch': 125, 'validation_mse': 62.81565596746287, 'seconds': 206.81467758301005}
{'stage': 'fit', 'directory': '/Users/fish/Documents/GitHub/Retention-Time-Prediction-for-Chromatographic-Enantioseparation/studies/active_learning/odh_gradient_al_transfer_v2/runtime/raw_gradient_lcmd/round_2/fit', 'epoch': 225, 'best_epoch': 205, 'validation_mse': 62.40922068927007, 'seconds': 226.21753762500884}
{'stage': 'fit', 'directory': '/Users/fish/Documents/GitHub/Retention-Time-Prediction-for-Chromatographic-Enantioseparation/studies/active_learning/odh_gradient_al_transfer_v2/runtime/raw_gradient_lcmd/round_2/fit', 'epoch': 250, 'best_epoch': 205, 'validation_mse': 61.065286363238144, 'seconds': 250.0592388750083}
{'stage': 'fit', 'directory': '/Users/fish/Documents/GitHub/Retention-Time-Prediction-for-Chromatographic-Enantioseparation/studies/active_learning/odh_gradient_al_transfer_v2/runtime/raw_gradient_lcmd/round_2/fit', 'epoch': 275, 'best_epoch': 274, 'validation_mse': 58.858440293265396, 'seconds': 268.4294584169984}
{'stage': 'fit', 'directory': '/Users/fish/Documents/GitHub/Retention-Time-Prediction-for-Chromatographic-Enantioseparation/studies/active_learning/odh_gradient_al_transfer_v2/runtime/raw_gradient_lcmd/round_2/fit', 'epoch': 300, 'best_epoch': 274, 'validation_mse': 60.0166145050854, 'seconds': 289.5692708330025}
{'stage': 'fit', 'directory': '/Users/fish/Documents/GitHub/Retention-Time-Prediction-for-Chromatographic-Enantioseparation/studies/active_learning/odh_gradient_al_transfer_v2/runtime/raw_gradient_lcmd/round_2/fit', 'epoch': 325, 'best_epoch': 274, 'validation_mse': 59.02699655344344, 'seconds': 307.2537027500075}
{'stage': 'fit', 'directory': '/Users/fish/Documents/GitHub/Retention-Time-Prediction-for-Chromatographic-Enantioseparation/studies/active_learning/odh_gradient_al_transfer_v2/runtime/raw_gradient_lcmd/round_2/fit', 'epoch': 350, 'best_epoch': 274, 'validation_mse': 64.70321609874192, 'seconds': 327.1224362080102}
{'stage': 'gradient', 'directory': '/Users/fish/Documents/GitHub/Retention-Time-Prediction-for-Chromatographic-Enantioseparation/studies/active_learning/odh_gradient_al_transfer_v2/runtime/raw_gradient_lcmd/round_2/raw_gradient_bank', 'completed': 1, 'total': 4447, 'seconds': 0.013536416008719243}
{'stage': 'gradient', 'directory': '/Users/fish/Documents/GitHub/Retention-Time-Prediction-for-Chromatographic-Enantioseparation/studies/active_learning/odh_gradient_al_transfer_v2/runtime/raw_gradient_lcmd/round_2/raw_gradient_bank', 'completed': 250, 'total': 4447, 'seconds': 3.110622082996997}
{'stage': 'gradient', 'directory': '/Users/fish/Documents/GitHub/Retention-Time-Prediction-for-Chromatographic-Enantioseparation/studies/active_learning/odh_gradient_al_transfer_v2/runtime/raw_gradient_lcmd/round_2/raw_gradient_bank', 'completed': 500, 'total': 4447, 'seconds': 6.015173457999481}
{'stage': 'gradient', 'directory': '/Users/fish/Documents/GitHub/Retention-Time-Prediction-for-Chromatographic-Enantioseparation/studies/active_learning/odh_gradient_al_transfer_v2/runtime/raw_gradient_lcmd/round_2/raw_gradient_bank', 'completed': 750, 'total': 4447, 'seconds': 9.070809458004078}
{'stage': 'gradient', 'directory': '/Users/fish/Documents/GitHub/Retention-Time-Prediction-for-Chromatographic-Enantioseparation/studies/active_learning/odh_gradient_al_transfer_v2/runtime/raw_gradient_lcmd/round_2/raw_gradient_bank', 'completed': 1000, 'total': 4447, 'seconds': 12.139845833007712}
{'stage': 'gradient', 'directory': '/Users/fish/Documents/GitHub/Retention-Time-Prediction-for-Chromatographic-Enantioseparation/studies/active_learning/odh_gradient_al_transfer_v2/runtime/raw_gradient_lcmd/round_2/raw_gradient_bank', 'completed': 1250, 'total': 4447, 'seconds': 15.192842832999304}
{'stage': 'gradient', 'directory': '/Users/fish/Documents/GitHub/Retention-Time-Prediction-for-Chromatographic-Enantioseparation/studies/active_learning/odh_gradient_al_transfer_v2/runtime/raw_gradient_lcmd/round_2/raw_gradient_bank', 'completed': 1500, 'total': 4447, 'seconds': 18.33291637500224}
{'stage': 'gradient', 'directory': '/Users/fish/Documents/GitHub/Retention-Time-Prediction-for-Chromatographic-Enantioseparation/studies/active_learning/odh_gradient_al_transfer_v2/runtime/raw_gradient_lcmd/round_2/raw_gradient_bank', 'completed': 1750, 'total': 4447, 'seconds': 21.35076754100737}
{'stage': 'gradient', 'directory': '/Users/fish/Documents/GitHub/Retention-Time-Prediction-for-Chromatographic-Enantioseparation/studies/active_learning/odh_gradient_al_transfer_v2/runtime/raw_gradient_lcmd/round_2/raw_gradient_bank', 'completed': 2000, 'total': 4447, 'seconds': 24.491312250000192}
{'stage': 'gradient', 'directory': '/Users/fish/Documents/GitHub/Retention-Time-Prediction-for-Chromatographic-Enantioseparation/studies/active_learning/odh_gradient_al_transfer_v2/runtime/raw_gradient_lcmd/round_2/raw_gradient_bank', 'completed': 2250, 'total': 4447, 'seconds': 27.487089500005823}
{'stage': 'gradient', 'directory': '/Users/fish/Documents/GitHub/Retention-Time-Prediction-for-Chromatographic-Enantioseparation/studies/active_learning/odh_gradient_al_transfer_v2/runtime/raw_gradient_lcmd/round_2/raw_gradient_bank', 'completed': 2500, 'total': 4447, 'seconds': 30.786211375001585}
{'stage': 'gradient', 'directory': '/Users/fish/Documents/GitHub/Retention-Time-Prediction-for-Chromatographic-Enantioseparation/studies/active_learning/odh_gradient_al_transfer_v2/runtime/raw_gradient_lcmd/round_2/raw_gradient_bank', 'completed': 2750, 'total': 4447, 'seconds': 33.856642790997284}
{'stage': 'gradient', 'directory': '/Users/fish/Documents/GitHub/Retention-Time-Prediction-for-Chromatographic-Enantioseparation/studies/active_learning/odh_gradient_al_transfer_v2/runtime/raw_gradient_lcmd/round_2/raw_gradient_bank', 'completed': 3000, 'total': 4447, 'seconds': 37.21663162500772}
{'stage': 'gradient', 'directory': '/Users/fish/Documents/GitHub/Retention-Time-Prediction-for-Chromatographic-Enantioseparation/studies/active_learning/odh_gradient_al_transfer_v2/runtime/raw_gradient_lcmd/round_2/raw_gradient_bank', 'completed': 3250, 'total': 4447, 'seconds': 40.56638579099672}
{'stage': 'gradient', 'directory': '/Users/fish/Documents/GitHub/Retention-Time-Prediction-for-Chromatographic-Enantioseparation/studies/active_learning/odh_gradient_al_transfer_v2/runtime/raw_gradient_lcmd/round_2/raw_gradient_bank', 'completed': 3500, 'total': 4447, 'seconds': 44.226680583000416}
{'stage': 'gradient', 'directory': '/Users/fish/Documents/GitHub/Retention-Time-Prediction-for-Chromatographic-Enantioseparation/studies/active_learning/odh_gradient_al_transfer_v2/runtime/raw_gradient_lcmd/round_2/raw_gradient_bank', 'completed': 3750, 'total': 4447, 'seconds': 47.61562916600087}
{'stage': 'gradient', 'directory': '/Users/fish/Documents/GitHub/Retention-Time-Prediction-for-Chromatographic-Enantioseparation/studies/active_learning/odh_gradient_al_transfer_v2/runtime/raw_gradient_lcmd/round_2/raw_gradient_bank', 'completed': 4000, 'total': 4447, 'seconds': 51.14704637500108}
{'stage': 'gradient', 'directory': '/Users/fish/Documents/GitHub/Retention-Time-Prediction-for-Chromatographic-Enantioseparation/studies/active_learning/odh_gradient_al_transfer_v2/runtime/raw_gradient_lcmd/round_2/raw_gradient_bank', 'completed': 4250, 'total': 4447, 'seconds': 54.274384083008044}
{'stage': 'gradient', 'directory': '/Users/fish/Documents/GitHub/Retention-Time-Prediction-for-Chromatographic-Enantioseparation/studies/active_learning/odh_gradient_al_transfer_v2/runtime/raw_gradient_lcmd/round_2/raw_gradient_bank', 'completed': 4447, 'total': 4447, 'seconds': 56.7834106250084}
{'stage': 'fit', 'directory': '/Users/fish/Documents/GitHub/Retention-Time-Prediction-for-Chromatographic-Enantioseparation/studies/active_learning/odh_gradient_al_transfer_v2/runtime/raw_gradient_lcmd/round_3/fit', 'epoch': 1, 'best_epoch': 1, 'validation_mse': 225.08828483664118, 'seconds': 1.1027357500133803}
{'stage': 'fit', 'directory': '/Users/fish/Documents/GitHub/Retention-Time-Prediction-for-Chromatographic-Enantioseparation/studies/active_learning/odh_gradient_al_transfer_v2/runtime/raw_gradient_lcmd/round_3/fit', 'epoch': 25, 'best_epoch': 24, 'validation_mse': 67.11502459098752, 'seconds': 23.167870042001596}
{'stage': 'fit', 'directory': '/Users/fish/Documents/GitHub/Retention-Time-Prediction-for-Chromatographic-Enantioseparation/studies/active_learning/odh_gradient_al_transfer_v2/runtime/raw_gradient_lcmd/round_3/fit', 'epoch': 50, 'best_epoch': 24, 'validation_mse': 66.11530802319885, 'seconds': 46.84492245900037}
{'stage': 'fit', 'directory': '/Users/fish/Documents/GitHub/Retention-Time-Prediction-for-Chromatographic-Enantioseparation/studies/active_learning/odh_gradient_al_transfer_v2/runtime/raw_gradient_lcmd/round_3/fit', 'epoch': 75, 'best_epoch': 66, 'validation_mse': 68.84379873334005, 'seconds': 67.81712983400212}
{'stage': 'fit', 'directory': '/Users/fish/Documents/GitHub/Retention-Time-Prediction-for-Chromatographic-Enantioseparation/studies/active_learning/odh_gradient_al_transfer_v2/runtime/raw_gradient_lcmd/round_3/fit', 'epoch': 100, 'best_epoch': 66, 'validation_mse': 69.19574867647864, 'seconds': 92.18461266701343}
{'stage': 'fit', 'directory': '/Users/fish/Documents/GitHub/Retention-Time-Prediction-for-Chromatographic-Enantioseparation/studies/active_learning/odh_gradient_al_transfer_v2/runtime/raw_gradient_lcmd/round_3/fit', 'epoch': 125, 'best_epoch': 66, 'validation_mse': 60.233637528841456, 'seconds': 118.14336537501367}
{'stage': 'fit', 'directory': '/Users/fish/Documents/GitHub/Retention-Time-Prediction-for-Chromatographic-Enantioseparation/studies/active_learning/odh_gradient_al_transfer_v2/runtime/raw_gradient_lcmd/round_3/fit', 'epoch': 150, 'best_epoch': 66, 'validation_mse': 66.296547187858, 'seconds': 142.24500166700454}
{'stage': 'fit', 'directory': '/Users/fish/Documents/GitHub/Retention-Time-Prediction-for-Chromatographic-Enantioseparation/studies/active_learning/odh_gradient_al_transfer_v2/runtime/unit_gradient_lcmd/round_1/fit', 'epoch': 1, 'best_epoch': 1, 'validation_mse': 219.6509646724847, 'seconds': 0.8545996670000022}
{'stage': 'fit', 'directory': '/Users/fish/Documents/GitHub/Retention-Time-Prediction-for-Chromatographic-Enantioseparation/studies/active_learning/odh_gradient_al_transfer_v2/runtime/unit_gradient_lcmd/round_1/fit', 'epoch': 25, 'best_epoch': 23, 'validation_mse': 73.93688150306215, 'seconds': 21.170692208004766}
{'stage': 'fit', 'directory': '/Users/fish/Documents/GitHub/Retention-Time-Prediction-for-Chromatographic-Enantioseparation/studies/active_learning/odh_gradient_al_transfer_v2/runtime/unit_gradient_lcmd/round_1/fit', 'epoch': 50, 'best_epoch': 46, 'validation_mse': 68.35977896112293, 'seconds': 45.0275387080037}
{'stage': 'fit', 'directory': '/Users/fish/Documents/GitHub/Retention-Time-Prediction-for-Chromatographic-Enantioseparation/studies/active_learning/odh_gradient_al_transfer_v2/runtime/unit_gradient_lcmd/round_1/fit', 'epoch': 75, 'best_epoch': 46, 'validation_mse': 69.34799272379927, 'seconds': 68.7568212079932}
{'stage': 'fit', 'directory': '/Users/fish/Documents/GitHub/Retention-Time-Prediction-for-Chromatographic-Enantioseparation/studies/active_learning/odh_gradient_al_transfer_v2/runtime/unit_gradient_lcmd/round_1/fit', 'epoch': 100, 'best_epoch': 100, 'validation_mse': 61.84589944283018, 'seconds': 88.01711249999062}
{'stage': 'fit', 'directory': '/Users/fish/Documents/GitHub/Retention-Time-Prediction-for-Chromatographic-Enantioseparation/studies/active_learning/odh_gradient_al_transfer_v2/runtime/unit_gradient_lcmd/round_1/fit', 'epoch': 125, 'best_epoch': 125, 'validation_mse': 61.38404646267058, 'seconds': 107.20225079200463}
{'stage': 'fit', 'directory': '/Users/fish/Documents/GitHub/Retention-Time-Prediction-for-Chromatographic-Enantioseparation/studies/active_learning/odh_gradient_al_transfer_v2/runtime/unit_gradient_lcmd/round_1/fit', 'epoch': 150, 'best_epoch': 133, 'validation_mse': 63.43308235520116, 'seconds': 126.10435108299134}
{'stage': 'fit', 'directory': '/Users/fish/Documents/GitHub/Retention-Time-Prediction-for-Chromatographic-Enantioseparation/studies/active_learning/odh_gradient_al_transfer_v2/runtime/unit_gradient_lcmd/round_1/fit', 'epoch': 175, 'best_epoch': 165, 'validation_mse': 61.053724172937734, 'seconds': 145.50887895800406}
{'stage': 'fit', 'directory': '/Users/fish/Documents/GitHub/Retention-Time-Prediction-for-Chromatographic-Enantioseparation/studies/active_learning/odh_gradient_al_transfer_v2/runtime/unit_gradient_lcmd/round_1/fit', 'epoch': 200, 'best_epoch': 165, 'validation_mse': 63.10614708997414, 'seconds': 164.9065927079937}
{'stage': 'fit', 'directory': '/Users/fish/Documents/GitHub/Retention-Time-Prediction-for-Chromatographic-Enantioseparation/studies/active_learning/odh_gradient_al_transfer_v2/runtime/unit_gradient_lcmd/round_1/fit', 'epoch': 225, 'best_epoch': 165, 'validation_mse': 63.74544356646995, 'seconds': 184.20714966699597}
{'stage': 'fit', 'directory': '/Users/fish/Documents/GitHub/Retention-Time-Prediction-for-Chromatographic-Enantioseparation/studies/active_learning/odh_gradient_al_transfer_v2/runtime/unit_gradient_lcmd/round_1/fit', 'epoch': 250, 'best_epoch': 165, 'validation_mse': 68.87244479050031, 'seconds': 203.51405891700415}
{'stage': 'gradient', 'directory': '/Users/fish/Documents/GitHub/Retention-Time-Prediction-for-Chromatographic-Enantioseparation/studies/active_learning/odh_gradient_al_transfer_v2/runtime/unit_gradient_lcmd/round_1/raw_gradient_bank', 'completed': 1, 'total': 4447, 'seconds': 0.01720970899623353}
{'stage': 'gradient', 'directory': '/Users/fish/Documents/GitHub/Retention-Time-Prediction-for-Chromatographic-Enantioseparation/studies/active_learning/odh_gradient_al_transfer_v2/runtime/unit_gradient_lcmd/round_1/raw_gradient_bank', 'completed': 250, 'total': 4447, 'seconds': 3.287368499994045}
{'stage': 'gradient', 'directory': '/Users/fish/Documents/GitHub/Retention-Time-Prediction-for-Chromatographic-Enantioseparation/studies/active_learning/odh_gradient_al_transfer_v2/runtime/unit_gradient_lcmd/round_1/raw_gradient_bank', 'completed': 500, 'total': 4447, 'seconds': 6.41260012499697}
{'stage': 'gradient', 'directory': '/Users/fish/Documents/GitHub/Retention-Time-Prediction-for-Chromatographic-Enantioseparation/studies/active_learning/odh_gradient_al_transfer_v2/runtime/unit_gradient_lcmd/round_1/raw_gradient_bank', 'completed': 750, 'total': 4447, 'seconds': 9.567039625006146}
{'stage': 'gradient', 'directory': '/Users/fish/Documents/GitHub/Retention-Time-Prediction-for-Chromatographic-Enantioseparation/studies/active_learning/odh_gradient_al_transfer_v2/runtime/unit_gradient_lcmd/round_1/raw_gradient_bank', 'completed': 1000, 'total': 4447, 'seconds': 12.662553041998763}
{'stage': 'gradient', 'directory': '/Users/fish/Documents/GitHub/Retention-Time-Prediction-for-Chromatographic-Enantioseparation/studies/active_learning/odh_gradient_al_transfer_v2/runtime/unit_gradient_lcmd/round_1/raw_gradient_bank', 'completed': 1250, 'total': 4447, 'seconds': 15.89123458400718}
{'stage': 'gradient', 'directory': '/Users/fish/Documents/GitHub/Retention-Time-Prediction-for-Chromatographic-Enantioseparation/studies/active_learning/odh_gradient_al_transfer_v2/runtime/unit_gradient_lcmd/round_1/raw_gradient_bank', 'completed': 1500, 'total': 4447, 'seconds': 19.04137333399558}
{'stage': 'gradient', 'directory': '/Users/fish/Documents/GitHub/Retention-Time-Prediction-for-Chromatographic-Enantioseparation/studies/active_learning/odh_gradient_al_transfer_v2/runtime/unit_gradient_lcmd/round_1/raw_gradient_bank', 'completed': 1750, 'total': 4447, 'seconds': 22.280639000004157}
{'stage': 'gradient', 'directory': '/Users/fish/Documents/GitHub/Retention-Time-Prediction-for-Chromatographic-Enantioseparation/studies/active_learning/odh_gradient_al_transfer_v2/runtime/unit_gradient_lcmd/round_1/raw_gradient_bank', 'completed': 2000, 'total': 4447, 'seconds': 25.414573208996444}
{'stage': 'gradient', 'directory': '/Users/fish/Documents/GitHub/Retention-Time-Prediction-for-Chromatographic-Enantioseparation/studies/active_learning/odh_gradient_al_transfer_v2/runtime/unit_gradient_lcmd/round_1/raw_gradient_bank', 'completed': 2250, 'total': 4447, 'seconds': 28.53816787499818}
{'stage': 'gradient', 'directory': '/Users/fish/Documents/GitHub/Retention-Time-Prediction-for-Chromatographic-Enantioseparation/studies/active_learning/odh_gradient_al_transfer_v2/runtime/unit_gradient_lcmd/round_1/raw_gradient_bank', 'completed': 2500, 'total': 4447, 'seconds': 31.707053292004275}
{'stage': 'gradient', 'directory': '/Users/fish/Documents/GitHub/Retention-Time-Prediction-for-Chromatographic-Enantioseparation/studies/active_learning/odh_gradient_al_transfer_v2/runtime/unit_gradient_lcmd/round_1/raw_gradient_bank', 'completed': 2750, 'total': 4447, 'seconds': 34.88738904200727}
{'stage': 'gradient', 'directory': '/Users/fish/Documents/GitHub/Retention-Time-Prediction-for-Chromatographic-Enantioseparation/studies/active_learning/odh_gradient_al_transfer_v2/runtime/unit_gradient_lcmd/round_1/raw_gradient_bank', 'completed': 3000, 'total': 4447, 'seconds': 38.15462433399807}
{'stage': 'gradient', 'directory': '/Users/fish/Documents/GitHub/Retention-Time-Prediction-for-Chromatographic-Enantioseparation/studies/active_learning/odh_gradient_al_transfer_v2/runtime/unit_gradient_lcmd/round_1/raw_gradient_bank', 'completed': 3250, 'total': 4447, 'seconds': 41.36318874999415}
{'stage': 'gradient', 'directory': '/Users/fish/Documents/GitHub/Retention-Time-Prediction-for-Chromatographic-Enantioseparation/studies/active_learning/odh_gradient_al_transfer_v2/runtime/unit_gradient_lcmd/round_1/raw_gradient_bank', 'completed': 3500, 'total': 4447, 'seconds': 44.61344670900144}
{'stage': 'gradient', 'directory': '/Users/fish/Documents/GitHub/Retention-Time-Prediction-for-Chromatographic-Enantioseparation/studies/active_learning/odh_gradient_al_transfer_v2/runtime/unit_gradient_lcmd/round_1/raw_gradient_bank', 'completed': 3750, 'total': 4447, 'seconds': 47.77502225000353}
{'stage': 'gradient', 'directory': '/Users/fish/Documents/GitHub/Retention-Time-Prediction-for-Chromatographic-Enantioseparation/studies/active_learning/odh_gradient_al_transfer_v2/runtime/unit_gradient_lcmd/round_1/raw_gradient_bank', 'completed': 4000, 'total': 4447, 'seconds': 51.03882033399714}
{'stage': 'gradient', 'directory': '/Users/fish/Documents/GitHub/Retention-Time-Prediction-for-Chromatographic-Enantioseparation/studies/active_learning/odh_gradient_al_transfer_v2/runtime/unit_gradient_lcmd/round_1/raw_gradient_bank', 'completed': 4250, 'total': 4447, 'seconds': 54.08245587500278}
{'stage': 'gradient', 'directory': '/Users/fish/Documents/GitHub/Retention-Time-Prediction-for-Chromatographic-Enantioseparation/studies/active_learning/odh_gradient_al_transfer_v2/runtime/unit_gradient_lcmd/round_1/raw_gradient_bank', 'completed': 4447, 'total': 4447, 'seconds': 56.64222737500677}
{'stage': 'fit', 'directory': '/Users/fish/Documents/GitHub/Retention-Time-Prediction-for-Chromatographic-Enantioseparation/studies/active_learning/odh_gradient_al_transfer_v2/runtime/unit_gradient_lcmd/round_2/fit', 'epoch': 1, 'best_epoch': 1, 'validation_mse': 155.66212743225185, 'seconds': 0.7990282909886446}
{'stage': 'fit', 'directory': '/Users/fish/Documents/GitHub/Retention-Time-Prediction-for-Chromatographic-Enantioseparation/studies/active_learning/odh_gradient_al_transfer_v2/runtime/unit_gradient_lcmd/round_2/fit', 'epoch': 25, 'best_epoch': 20, 'validation_mse': 66.30821843214392, 'seconds': 20.982203332998324}
{'stage': 'fit', 'directory': '/Users/fish/Documents/GitHub/Retention-Time-Prediction-for-Chromatographic-Enantioseparation/studies/active_learning/odh_gradient_al_transfer_v2/runtime/unit_gradient_lcmd/round_2/fit', 'epoch': 50, 'best_epoch': 35, 'validation_mse': 65.54986896250676, 'seconds': 41.5158380829962}
{'stage': 'fit', 'directory': '/Users/fish/Documents/GitHub/Retention-Time-Prediction-for-Chromatographic-Enantioseparation/studies/active_learning/odh_gradient_al_transfer_v2/runtime/unit_gradient_lcmd/round_2/fit', 'epoch': 75, 'best_epoch': 35, 'validation_mse': 65.46993531619107, 'seconds': 62.04433783299464}
{'stage': 'fit', 'directory': '/Users/fish/Documents/GitHub/Retention-Time-Prediction-for-Chromatographic-Enantioseparation/studies/active_learning/odh_gradient_al_transfer_v2/runtime/unit_gradient_lcmd/round_2/fit', 'epoch': 100, 'best_epoch': 35, 'validation_mse': 63.18887995342891, 'seconds': 83.01581683299446}
{'stage': 'fit', 'directory': '/Users/fish/Documents/GitHub/Retention-Time-Prediction-for-Chromatographic-Enantioseparation/studies/active_learning/odh_gradient_al_transfer_v2/runtime/unit_gradient_lcmd/round_2/fit', 'epoch': 125, 'best_epoch': 35, 'validation_mse': 61.546163897947686, 'seconds': 104.38606724998681}
{'stage': 'gradient', 'directory': '/Users/fish/Documents/GitHub/Retention-Time-Prediction-for-Chromatographic-Enantioseparation/studies/active_learning/odh_gradient_al_transfer_v2/runtime/unit_gradient_lcmd/round_2/raw_gradient_bank', 'completed': 1, 'total': 4447, 'seconds': 0.012151582996011712}
{'stage': 'gradient', 'directory': '/Users/fish/Documents/GitHub/Retention-Time-Prediction-for-Chromatographic-Enantioseparation/studies/active_learning/odh_gradient_al_transfer_v2/runtime/unit_gradient_lcmd/round_2/raw_gradient_bank', 'completed': 250, 'total': 4447, 'seconds': 3.3475004579959204}
{'stage': 'gradient', 'directory': '/Users/fish/Documents/GitHub/Retention-Time-Prediction-for-Chromatographic-Enantioseparation/studies/active_learning/odh_gradient_al_transfer_v2/runtime/unit_gradient_lcmd/round_2/raw_gradient_bank', 'completed': 500, 'total': 4447, 'seconds': 6.534611875002156}
{'stage': 'gradient', 'directory': '/Users/fish/Documents/GitHub/Retention-Time-Prediction-for-Chromatographic-Enantioseparation/studies/active_learning/odh_gradient_al_transfer_v2/runtime/unit_gradient_lcmd/round_2/raw_gradient_bank', 'completed': 750, 'total': 4447, 'seconds': 9.795097082998836}
{'stage': 'gradient', 'directory': '/Users/fish/Documents/GitHub/Retention-Time-Prediction-for-Chromatographic-Enantioseparation/studies/active_learning/odh_gradient_al_transfer_v2/runtime/unit_gradient_lcmd/round_2/raw_gradient_bank', 'completed': 1000, 'total': 4447, 'seconds': 12.912716708000517}
{'stage': 'gradient', 'directory': '/Users/fish/Documents/GitHub/Retention-Time-Prediction-for-Chromatographic-Enantioseparation/studies/active_learning/odh_gradient_al_transfer_v2/runtime/unit_gradient_lcmd/round_2/raw_gradient_bank', 'completed': 1250, 'total': 4447, 'seconds': 16.152621165994788}
{'stage': 'gradient', 'directory': '/Users/fish/Documents/GitHub/Retention-Time-Prediction-for-Chromatographic-Enantioseparation/studies/active_learning/odh_gradient_al_transfer_v2/runtime/unit_gradient_lcmd/round_2/raw_gradient_bank', 'completed': 1500, 'total': 4447, 'seconds': 19.290595874990686}
{'stage': 'gradient', 'directory': '/Users/fish/Documents/GitHub/Retention-Time-Prediction-for-Chromatographic-Enantioseparation/studies/active_learning/odh_gradient_al_transfer_v2/runtime/unit_gradient_lcmd/round_2/raw_gradient_bank', 'completed': 1750, 'total': 4447, 'seconds': 22.52124541599187}
{'stage': 'gradient', 'directory': '/Users/fish/Documents/GitHub/Retention-Time-Prediction-for-Chromatographic-Enantioseparation/studies/active_learning/odh_gradient_al_transfer_v2/runtime/unit_gradient_lcmd/round_2/raw_gradient_bank', 'completed': 2000, 'total': 4447, 'seconds': 25.644170125000528}
{'stage': 'gradient', 'directory': '/Users/fish/Documents/GitHub/Retention-Time-Prediction-for-Chromatographic-Enantioseparation/studies/active_learning/odh_gradient_al_transfer_v2/runtime/unit_gradient_lcmd/round_2/raw_gradient_bank', 'completed': 2250, 'total': 4447, 'seconds': 28.90167583299626}
{'stage': 'gradient', 'directory': '/Users/fish/Documents/GitHub/Retention-Time-Prediction-for-Chromatographic-Enantioseparation/studies/active_learning/odh_gradient_al_transfer_v2/runtime/unit_gradient_lcmd/round_2/raw_gradient_bank', 'completed': 2500, 'total': 4447, 'seconds': 32.142293832992436}
{'stage': 'gradient', 'directory': '/Users/fish/Documents/GitHub/Retention-Time-Prediction-for-Chromatographic-Enantioseparation/studies/active_learning/odh_gradient_al_transfer_v2/runtime/unit_gradient_lcmd/round_2/raw_gradient_bank', 'completed': 2750, 'total': 4447, 'seconds': 35.4307234579901}
{'stage': 'gradient', 'directory': '/Users/fish/Documents/GitHub/Retention-Time-Prediction-for-Chromatographic-Enantioseparation/studies/active_learning/odh_gradient_al_transfer_v2/runtime/unit_gradient_lcmd/round_2/raw_gradient_bank', 'completed': 3000, 'total': 4447, 'seconds': 38.60413283300295}
{'stage': 'gradient', 'directory': '/Users/fish/Documents/GitHub/Retention-Time-Prediction-for-Chromatographic-Enantioseparation/studies/active_learning/odh_gradient_al_transfer_v2/runtime/unit_gradient_lcmd/round_2/raw_gradient_bank', 'completed': 3250, 'total': 4447, 'seconds': 41.883185290993424}
{'stage': 'gradient', 'directory': '/Users/fish/Documents/GitHub/Retention-Time-Prediction-for-Chromatographic-Enantioseparation/studies/active_learning/odh_gradient_al_transfer_v2/runtime/unit_gradient_lcmd/round_2/raw_gradient_bank', 'completed': 3500, 'total': 4447, 'seconds': 45.03441458300222}
{'stage': 'gradient', 'directory': '/Users/fish/Documents/GitHub/Retention-Time-Prediction-for-Chromatographic-Enantioseparation/studies/active_learning/odh_gradient_al_transfer_v2/runtime/unit_gradient_lcmd/round_2/raw_gradient_bank', 'completed': 3750, 'total': 4447, 'seconds': 48.32875991599576}
{'stage': 'gradient', 'directory': '/Users/fish/Documents/GitHub/Retention-Time-Prediction-for-Chromatographic-Enantioseparation/studies/active_learning/odh_gradient_al_transfer_v2/runtime/unit_gradient_lcmd/round_2/raw_gradient_bank', 'completed': 4000, 'total': 4447, 'seconds': 51.51425616600318}
{'stage': 'gradient', 'directory': '/Users/fish/Documents/GitHub/Retention-Time-Prediction-for-Chromatographic-Enantioseparation/studies/active_learning/odh_gradient_al_transfer_v2/runtime/unit_gradient_lcmd/round_2/raw_gradient_bank', 'completed': 4250, 'total': 4447, 'seconds': 54.6703961250023}
{'stage': 'gradient', 'directory': '/Users/fish/Documents/GitHub/Retention-Time-Prediction-for-Chromatographic-Enantioseparation/studies/active_learning/odh_gradient_al_transfer_v2/runtime/unit_gradient_lcmd/round_2/raw_gradient_bank', 'completed': 4447, 'total': 4447, 'seconds': 57.16790149999724}
{'stage': 'fit', 'directory': '/Users/fish/Documents/GitHub/Retention-Time-Prediction-for-Chromatographic-Enantioseparation/studies/active_learning/odh_gradient_al_transfer_v2/runtime/unit_gradient_lcmd/round_3/fit', 'epoch': 1, 'best_epoch': 1, 'validation_mse': 165.52029814232165, 'seconds': 0.9573926250013756}
{'stage': 'fit', 'directory': '/Users/fish/Documents/GitHub/Retention-Time-Prediction-for-Chromatographic-Enantioseparation/studies/active_learning/odh_gradient_al_transfer_v2/runtime/unit_gradient_lcmd/round_3/fit', 'epoch': 25, 'best_epoch': 21, 'validation_mse': 64.77170397371728, 'seconds': 22.889616917003877}
{'stage': 'fit', 'directory': '/Users/fish/Documents/GitHub/Retention-Time-Prediction-for-Chromatographic-Enantioseparation/studies/active_learning/odh_gradient_al_transfer_v2/runtime/unit_gradient_lcmd/round_3/fit', 'epoch': 50, 'best_epoch': 49, 'validation_mse': 69.04117336594307, 'seconds': 45.34788875000959}
{'stage': 'fit', 'directory': '/Users/fish/Documents/GitHub/Retention-Time-Prediction-for-Chromatographic-Enantioseparation/studies/active_learning/odh_gradient_al_transfer_v2/runtime/unit_gradient_lcmd/round_3/fit', 'epoch': 75, 'best_epoch': 58, 'validation_mse': 69.5246299198009, 'seconds': 69.0703030420118}
{'stage': 'fit', 'directory': '/Users/fish/Documents/GitHub/Retention-Time-Prediction-for-Chromatographic-Enantioseparation/studies/active_learning/odh_gradient_al_transfer_v2/runtime/unit_gradient_lcmd/round_3/fit', 'epoch': 100, 'best_epoch': 58, 'validation_mse': 70.58692707652347, 'seconds': 92.51668358400639}
{'stage': 'fit', 'directory': '/Users/fish/Documents/GitHub/Retention-Time-Prediction-for-Chromatographic-Enantioseparation/studies/active_learning/odh_gradient_al_transfer_v2/runtime/unit_gradient_lcmd/round_3/fit', 'epoch': 125, 'best_epoch': 58, 'validation_mse': 66.99687423972885, 'seconds': 116.69757954200031}
{'stage': 'fit', 'directory': '/Users/fish/Documents/GitHub/Retention-Time-Prediction-for-Chromatographic-Enantioseparation/studies/active_learning/odh_gradient_al_transfer_v2/runtime/unit_gradient_lcmd/round_3/fit', 'epoch': 150, 'best_epoch': 58, 'validation_mse': 65.27464757486531, 'seconds': 140.47134808400006}
{'stage': 'fit', 'directory': '/Users/fish/Documents/GitHub/Retention-Time-Prediction-for-Chromatographic-Enantioseparation/studies/active_learning/odh_gradient_al_transfer_v2/runtime/raw_gradient_maxdet/round_1/fit', 'epoch': 1, 'best_epoch': 1, 'validation_mse': 196.82115053477273, 'seconds': 0.90325370800565}
{'stage': 'fit', 'directory': '/Users/fish/Documents/GitHub/Retention-Time-Prediction-for-Chromatographic-Enantioseparation/studies/active_learning/odh_gradient_al_transfer_v2/runtime/raw_gradient_maxdet/round_1/fit', 'epoch': 25, 'best_epoch': 21, 'validation_mse': 79.2606181900006, 'seconds': 20.895779917002073}
{'stage': 'fit', 'directory': '/Users/fish/Documents/GitHub/Retention-Time-Prediction-for-Chromatographic-Enantioseparation/studies/active_learning/odh_gradient_al_transfer_v2/runtime/raw_gradient_maxdet/round_1/fit', 'epoch': 50, 'best_epoch': 45, 'validation_mse': 68.46026303810423, 'seconds': 42.564928457999486}
{'stage': 'fit', 'directory': '/Users/fish/Documents/GitHub/Retention-Time-Prediction-for-Chromatographic-Enantioseparation/studies/active_learning/odh_gradient_al_transfer_v2/runtime/raw_gradient_maxdet/round_1/fit', 'epoch': 75, 'best_epoch': 45, 'validation_mse': 68.46352237068973, 'seconds': 63.45282566700189}
{'stage': 'fit', 'directory': '/Users/fish/Documents/GitHub/Retention-Time-Prediction-for-Chromatographic-Enantioseparation/studies/active_learning/odh_gradient_al_transfer_v2/runtime/raw_gradient_maxdet/round_1/fit', 'epoch': 100, 'best_epoch': 87, 'validation_mse': 73.90215060856997, 'seconds': 84.64057104200765}
{'stage': 'fit', 'directory': '/Users/fish/Documents/GitHub/Retention-Time-Prediction-for-Chromatographic-Enantioseparation/studies/active_learning/odh_gradient_al_transfer_v2/runtime/raw_gradient_maxdet/round_1/fit', 'epoch': 125, 'best_epoch': 87, 'validation_mse': 70.17170394331846, 'seconds': 105.22057716701238}
{'stage': 'fit', 'directory': '/Users/fish/Documents/GitHub/Retention-Time-Prediction-for-Chromatographic-Enantioseparation/studies/active_learning/odh_gradient_al_transfer_v2/runtime/raw_gradient_maxdet/round_1/fit', 'epoch': 150, 'best_epoch': 87, 'validation_mse': 72.44436755553441, 'seconds': 132.8876663330011}
{'stage': 'fit', 'directory': '/Users/fish/Documents/GitHub/Retention-Time-Prediction-for-Chromatographic-Enantioseparation/studies/active_learning/odh_gradient_al_transfer_v2/runtime/raw_gradient_maxdet/round_1/fit', 'epoch': 175, 'best_epoch': 157, 'validation_mse': 69.79373959315103, 'seconds': 169.9161591250013}
{'stage': 'fit', 'directory': '/Users/fish/Documents/GitHub/Retention-Time-Prediction-for-Chromatographic-Enantioseparation/studies/active_learning/odh_gradient_al_transfer_v2/runtime/raw_gradient_maxdet/round_1/fit', 'epoch': 200, 'best_epoch': 157, 'validation_mse': 67.38956404026605, 'seconds': 202.7786173330096}
{'stage': 'fit', 'directory': '/Users/fish/Documents/GitHub/Retention-Time-Prediction-for-Chromatographic-Enantioseparation/studies/active_learning/odh_gradient_al_transfer_v2/runtime/raw_gradient_maxdet/round_1/fit', 'epoch': 225, 'best_epoch': 157, 'validation_mse': 69.8819644632873, 'seconds': 234.04399637501047}
{'stage': 'fit', 'directory': '/Users/fish/Documents/GitHub/Retention-Time-Prediction-for-Chromatographic-Enantioseparation/studies/active_learning/odh_gradient_al_transfer_v2/runtime/raw_gradient_maxdet/round_1/fit', 'epoch': 250, 'best_epoch': 157, 'validation_mse': 80.206259593366, 'seconds': 269.6110405000072}
{'stage': 'gradient', 'directory': '/Users/fish/Documents/GitHub/Retention-Time-Prediction-for-Chromatographic-Enantioseparation/studies/active_learning/odh_gradient_al_transfer_v2/runtime/raw_gradient_maxdet/round_1/raw_gradient_bank', 'completed': 1, 'total': 4447, 'seconds': 0.021097125005326234}
{'stage': 'gradient', 'directory': '/Users/fish/Documents/GitHub/Retention-Time-Prediction-for-Chromatographic-Enantioseparation/studies/active_learning/odh_gradient_al_transfer_v2/runtime/raw_gradient_maxdet/round_1/raw_gradient_bank', 'completed': 250, 'total': 4447, 'seconds': 5.716865499998676}
{'stage': 'gradient', 'directory': '/Users/fish/Documents/GitHub/Retention-Time-Prediction-for-Chromatographic-Enantioseparation/studies/active_learning/odh_gradient_al_transfer_v2/runtime/raw_gradient_maxdet/round_1/raw_gradient_bank', 'completed': 500, 'total': 4447, 'seconds': 12.559949542002869}
{'stage': 'gradient', 'directory': '/Users/fish/Documents/GitHub/Retention-Time-Prediction-for-Chromatographic-Enantioseparation/studies/active_learning/odh_gradient_al_transfer_v2/runtime/raw_gradient_maxdet/round_1/raw_gradient_bank', 'completed': 750, 'total': 4447, 'seconds': 18.94402579200687}
{'stage': 'gradient', 'directory': '/Users/fish/Documents/GitHub/Retention-Time-Prediction-for-Chromatographic-Enantioseparation/studies/active_learning/odh_gradient_al_transfer_v2/runtime/raw_gradient_maxdet/round_1/raw_gradient_bank', 'completed': 1000, 'total': 4447, 'seconds': 25.122212292000768}
{'stage': 'gradient', 'directory': '/Users/fish/Documents/GitHub/Retention-Time-Prediction-for-Chromatographic-Enantioseparation/studies/active_learning/odh_gradient_al_transfer_v2/runtime/raw_gradient_maxdet/round_1/raw_gradient_bank', 'completed': 1250, 'total': 4447, 'seconds': 29.68113562501094}
{'stage': 'gradient', 'directory': '/Users/fish/Documents/GitHub/Retention-Time-Prediction-for-Chromatographic-Enantioseparation/studies/active_learning/odh_gradient_al_transfer_v2/runtime/raw_gradient_maxdet/round_1/raw_gradient_bank', 'completed': 1500, 'total': 4447, 'seconds': 35.046785792001174}
{'stage': 'gradient', 'directory': '/Users/fish/Documents/GitHub/Retention-Time-Prediction-for-Chromatographic-Enantioseparation/studies/active_learning/odh_gradient_al_transfer_v2/runtime/raw_gradient_maxdet/round_1/raw_gradient_bank', 'completed': 1750, 'total': 4447, 'seconds': 48.80087691701192}
{'stage': 'gradient', 'directory': '/Users/fish/Documents/GitHub/Retention-Time-Prediction-for-Chromatographic-Enantioseparation/studies/active_learning/odh_gradient_al_transfer_v2/runtime/raw_gradient_maxdet/round_1/raw_gradient_bank', 'completed': 2000, 'total': 4447, 'seconds': 59.133878625012585}
{'stage': 'gradient', 'directory': '/Users/fish/Documents/GitHub/Retention-Time-Prediction-for-Chromatographic-Enantioseparation/studies/active_learning/odh_gradient_al_transfer_v2/runtime/raw_gradient_maxdet/round_1/raw_gradient_bank', 'completed': 2250, 'total': 4447, 'seconds': 65.77174841699889}
{'stage': 'gradient', 'directory': '/Users/fish/Documents/GitHub/Retention-Time-Prediction-for-Chromatographic-Enantioseparation/studies/active_learning/odh_gradient_al_transfer_v2/runtime/raw_gradient_maxdet/round_1/raw_gradient_bank', 'completed': 2500, 'total': 4447, 'seconds': 76.7455890840065}
{'stage': 'gradient', 'directory': '/Users/fish/Documents/GitHub/Retention-Time-Prediction-for-Chromatographic-Enantioseparation/studies/active_learning/odh_gradient_al_transfer_v2/runtime/raw_gradient_maxdet/round_1/raw_gradient_bank', 'completed': 2750, 'total': 4447, 'seconds': 85.55553504200361}
{'stage': 'gradient', 'directory': '/Users/fish/Documents/GitHub/Retention-Time-Prediction-for-Chromatographic-Enantioseparation/studies/active_learning/odh_gradient_al_transfer_v2/runtime/raw_gradient_maxdet/round_1/raw_gradient_bank', 'completed': 3000, 'total': 4447, 'seconds': 90.82841620899853}
{'stage': 'gradient', 'directory': '/Users/fish/Documents/GitHub/Retention-Time-Prediction-for-Chromatographic-Enantioseparation/studies/active_learning/odh_gradient_al_transfer_v2/runtime/raw_gradient_maxdet/round_1/raw_gradient_bank', 'completed': 3250, 'total': 4447, 'seconds': 95.23737450000772}
{'stage': 'gradient', 'directory': '/Users/fish/Documents/GitHub/Retention-Time-Prediction-for-Chromatographic-Enantioseparation/studies/active_learning/odh_gradient_al_transfer_v2/runtime/raw_gradient_maxdet/round_1/raw_gradient_bank', 'completed': 3500, 'total': 4447, 'seconds': 101.07249258400407}
{'stage': 'gradient', 'directory': '/Users/fish/Documents/GitHub/Retention-Time-Prediction-for-Chromatographic-Enantioseparation/studies/active_learning/odh_gradient_al_transfer_v2/runtime/raw_gradient_maxdet/round_1/raw_gradient_bank', 'completed': 3750, 'total': 4447, 'seconds': 104.50948858400807}
{'stage': 'gradient', 'directory': '/Users/fish/Documents/GitHub/Retention-Time-Prediction-for-Chromatographic-Enantioseparation/studies/active_learning/odh_gradient_al_transfer_v2/runtime/raw_gradient_maxdet/round_1/raw_gradient_bank', 'completed': 4000, 'total': 4447, 'seconds': 107.15360508400772}
{'stage': 'gradient', 'directory': '/Users/fish/Documents/GitHub/Retention-Time-Prediction-for-Chromatographic-Enantioseparation/studies/active_learning/odh_gradient_al_transfer_v2/runtime/raw_gradient_maxdet/round_1/raw_gradient_bank', 'completed': 4250, 'total': 4447, 'seconds': 109.42612300001201}
{'stage': 'gradient', 'directory': '/Users/fish/Documents/GitHub/Retention-Time-Prediction-for-Chromatographic-Enantioseparation/studies/active_learning/odh_gradient_al_transfer_v2/runtime/raw_gradient_maxdet/round_1/raw_gradient_bank', 'completed': 4447, 'total': 4447, 'seconds': 111.06975295901066}
{'stage': 'fit', 'directory': '/Users/fish/Documents/GitHub/Retention-Time-Prediction-for-Chromatographic-Enantioseparation/studies/active_learning/odh_gradient_al_transfer_v2/runtime/raw_gradient_maxdet/round_2/fit', 'epoch': 1, 'best_epoch': 1, 'validation_mse': 224.95412239942843, 'seconds': 0.7838409579999279}
{'stage': 'fit', 'directory': '/Users/fish/Documents/GitHub/Retention-Time-Prediction-for-Chromatographic-Enantioseparation/studies/active_learning/odh_gradient_al_transfer_v2/runtime/raw_gradient_maxdet/round_2/fit', 'epoch': 25, 'best_epoch': 24, 'validation_mse': 71.39643997825759, 'seconds': 17.85907620799844}
{'stage': 'fit', 'directory': '/Users/fish/Documents/GitHub/Retention-Time-Prediction-for-Chromatographic-Enantioseparation/studies/active_learning/odh_gradient_al_transfer_v2/runtime/raw_gradient_maxdet/round_2/fit', 'epoch': 50, 'best_epoch': 24, 'validation_mse': 69.08563278982705, 'seconds': 33.46447925000393}
{'stage': 'fit', 'directory': '/Users/fish/Documents/GitHub/Retention-Time-Prediction-for-Chromatographic-Enantioseparation/studies/active_learning/odh_gradient_al_transfer_v2/runtime/raw_gradient_maxdet/round_2/fit', 'epoch': 75, 'best_epoch': 24, 'validation_mse': 68.31756999253702, 'seconds': 50.29788512499363}
{'stage': 'fit', 'directory': '/Users/fish/Documents/GitHub/Retention-Time-Prediction-for-Chromatographic-Enantioseparation/studies/active_learning/odh_gradient_al_transfer_v2/runtime/raw_gradient_maxdet/round_2/fit', 'epoch': 100, 'best_epoch': 24, 'validation_mse': 70.73385399703028, 'seconds': 69.60943391600449}
{'stage': 'gradient', 'directory': '/Users/fish/Documents/GitHub/Retention-Time-Prediction-for-Chromatographic-Enantioseparation/studies/active_learning/odh_gradient_al_transfer_v2/runtime/raw_gradient_maxdet/round_2/raw_gradient_bank', 'completed': 1, 'total': 4447, 'seconds': 0.06597450000117533}
{'stage': 'gradient', 'directory': '/Users/fish/Documents/GitHub/Retention-Time-Prediction-for-Chromatographic-Enantioseparation/studies/active_learning/odh_gradient_al_transfer_v2/runtime/raw_gradient_maxdet/round_2/raw_gradient_bank', 'completed': 250, 'total': 4447, 'seconds': 7.1616637500119396}
{'stage': 'gradient', 'directory': '/Users/fish/Documents/GitHub/Retention-Time-Prediction-for-Chromatographic-Enantioseparation/studies/active_learning/odh_gradient_al_transfer_v2/runtime/raw_gradient_maxdet/round_2/raw_gradient_bank', 'completed': 500, 'total': 4447, 'seconds': 13.789427209005225}
{'stage': 'gradient', 'directory': '/Users/fish/Documents/GitHub/Retention-Time-Prediction-for-Chromatographic-Enantioseparation/studies/active_learning/odh_gradient_al_transfer_v2/runtime/raw_gradient_maxdet/round_2/raw_gradient_bank', 'completed': 750, 'total': 4447, 'seconds': 18.49479829199845}
{'stage': 'gradient', 'directory': '/Users/fish/Documents/GitHub/Retention-Time-Prediction-for-Chromatographic-Enantioseparation/studies/active_learning/odh_gradient_al_transfer_v2/runtime/raw_gradient_maxdet/round_2/raw_gradient_bank', 'completed': 1000, 'total': 4447, 'seconds': 23.21267008400173}
{'stage': 'gradient', 'directory': '/Users/fish/Documents/GitHub/Retention-Time-Prediction-for-Chromatographic-Enantioseparation/studies/active_learning/odh_gradient_al_transfer_v2/runtime/raw_gradient_maxdet/round_2/raw_gradient_bank', 'completed': 1250, 'total': 4447, 'seconds': 29.59213308400649}
{'stage': 'gradient', 'directory': '/Users/fish/Documents/GitHub/Retention-Time-Prediction-for-Chromatographic-Enantioseparation/studies/active_learning/odh_gradient_al_transfer_v2/runtime/raw_gradient_maxdet/round_2/raw_gradient_bank', 'completed': 1500, 'total': 4447, 'seconds': 36.211612833998515}
{'stage': 'gradient', 'directory': '/Users/fish/Documents/GitHub/Retention-Time-Prediction-for-Chromatographic-Enantioseparation/studies/active_learning/odh_gradient_al_transfer_v2/runtime/raw_gradient_maxdet/round_2/raw_gradient_bank', 'completed': 1750, 'total': 4447, 'seconds': 42.823005750004086}
{'stage': 'gradient', 'directory': '/Users/fish/Documents/GitHub/Retention-Time-Prediction-for-Chromatographic-Enantioseparation/studies/active_learning/odh_gradient_al_transfer_v2/runtime/raw_gradient_maxdet/round_2/raw_gradient_bank', 'completed': 2000, 'total': 4447, 'seconds': 48.66975150001235}
{'stage': 'gradient', 'directory': '/Users/fish/Documents/GitHub/Retention-Time-Prediction-for-Chromatographic-Enantioseparation/studies/active_learning/odh_gradient_al_transfer_v2/runtime/raw_gradient_maxdet/round_2/raw_gradient_bank', 'completed': 2250, 'total': 4447, 'seconds': 53.38487262499984}
{'stage': 'gradient', 'directory': '/Users/fish/Documents/GitHub/Retention-Time-Prediction-for-Chromatographic-Enantioseparation/studies/active_learning/odh_gradient_al_transfer_v2/runtime/raw_gradient_maxdet/round_2/raw_gradient_bank', 'completed': 2500, 'total': 4447, 'seconds': 58.68886095900962}
{'stage': 'gradient', 'directory': '/Users/fish/Documents/GitHub/Retention-Time-Prediction-for-Chromatographic-Enantioseparation/studies/active_learning/odh_gradient_al_transfer_v2/runtime/raw_gradient_maxdet/round_2/raw_gradient_bank', 'completed': 2750, 'total': 4447, 'seconds': 65.79075012500107}
{'stage': 'gradient', 'directory': '/Users/fish/Documents/GitHub/Retention-Time-Prediction-for-Chromatographic-Enantioseparation/studies/active_learning/odh_gradient_al_transfer_v2/runtime/raw_gradient_maxdet/round_2/raw_gradient_bank', 'completed': 3000, 'total': 4447, 'seconds': 72.56502583400288}
{'stage': 'gradient', 'directory': '/Users/fish/Documents/GitHub/Retention-Time-Prediction-for-Chromatographic-Enantioseparation/studies/active_learning/odh_gradient_al_transfer_v2/runtime/raw_gradient_maxdet/round_2/raw_gradient_bank', 'completed': 3250, 'total': 4447, 'seconds': 79.67451175001042}
{'stage': 'gradient', 'directory': '/Users/fish/Documents/GitHub/Retention-Time-Prediction-for-Chromatographic-Enantioseparation/studies/active_learning/odh_gradient_al_transfer_v2/runtime/raw_gradient_maxdet/round_2/raw_gradient_bank', 'completed': 3500, 'total': 4447, 'seconds': 84.42198529200687}
{'stage': 'gradient', 'directory': '/Users/fish/Documents/GitHub/Retention-Time-Prediction-for-Chromatographic-Enantioseparation/studies/active_learning/odh_gradient_al_transfer_v2/runtime/raw_gradient_maxdet/round_2/raw_gradient_bank', 'completed': 3750, 'total': 4447, 'seconds': 89.20072870900913}
{'stage': 'gradient', 'directory': '/Users/fish/Documents/GitHub/Retention-Time-Prediction-for-Chromatographic-Enantioseparation/studies/active_learning/odh_gradient_al_transfer_v2/runtime/raw_gradient_maxdet/round_2/raw_gradient_bank', 'completed': 4000, 'total': 4447, 'seconds': 95.53554350000923}
{'stage': 'gradient', 'directory': '/Users/fish/Documents/GitHub/Retention-Time-Prediction-for-Chromatographic-Enantioseparation/studies/active_learning/odh_gradient_al_transfer_v2/runtime/raw_gradient_maxdet/round_2/raw_gradient_bank', 'completed': 4250, 'total': 4447, 'seconds': 102.24963991700497}
{'stage': 'gradient', 'directory': '/Users/fish/Documents/GitHub/Retention-Time-Prediction-for-Chromatographic-Enantioseparation/studies/active_learning/odh_gradient_al_transfer_v2/runtime/raw_gradient_maxdet/round_2/raw_gradient_bank', 'completed': 4447, 'total': 4447, 'seconds': 107.84060250000039}
{'stage': 'fit', 'directory': '/Users/fish/Documents/GitHub/Retention-Time-Prediction-for-Chromatographic-Enantioseparation/studies/active_learning/odh_gradient_al_transfer_v2/runtime/raw_gradient_maxdet/round_3/fit', 'epoch': 1, 'best_epoch': 1, 'validation_mse': 202.52515524675678, 'seconds': 2.5409378330077743}
{'stage': 'fit', 'directory': '/Users/fish/Documents/GitHub/Retention-Time-Prediction-for-Chromatographic-Enantioseparation/studies/active_learning/odh_gradient_al_transfer_v2/runtime/raw_gradient_maxdet/round_3/fit', 'epoch': 25, 'best_epoch': 20, 'validation_mse': 69.96389755064956, 'seconds': 47.13580850001017}
{'stage': 'fit', 'directory': '/Users/fish/Documents/GitHub/Retention-Time-Prediction-for-Chromatographic-Enantioseparation/studies/active_learning/odh_gradient_al_transfer_v2/runtime/raw_gradient_maxdet/round_3/fit', 'epoch': 50, 'best_epoch': 45, 'validation_mse': 69.4883416667452, 'seconds': 99.70750104100443}
{'stage': 'fit', 'directory': '/Users/fish/Documents/GitHub/Retention-Time-Prediction-for-Chromatographic-Enantioseparation/studies/active_learning/odh_gradient_al_transfer_v2/runtime/raw_gradient_maxdet/round_3/fit', 'epoch': 75, 'best_epoch': 45, 'validation_mse': 75.51487258502002, 'seconds': 138.50794750000932}
{'stage': 'fit', 'directory': '/Users/fish/Documents/GitHub/Retention-Time-Prediction-for-Chromatographic-Enantioseparation/studies/active_learning/odh_gradient_al_transfer_v2/runtime/raw_gradient_maxdet/round_3/fit', 'epoch': 100, 'best_epoch': 45, 'validation_mse': 71.57779580268188, 'seconds': 184.36604970799817}
{'stage': 'fit', 'directory': '/Users/fish/Documents/GitHub/Retention-Time-Prediction-for-Chromatographic-Enantioseparation/studies/active_learning/odh_gradient_al_transfer_v2/runtime/raw_gradient_maxdet/round_3/fit', 'epoch': 125, 'best_epoch': 45, 'validation_mse': 72.59787301494659, 'seconds': 230.51192437500868}
{'stage': 'fit', 'directory': '/Users/fish/Documents/GitHub/Retention-Time-Prediction-for-Chromatographic-Enantioseparation/studies/active_learning/odh_gradient_al_transfer_v2/runtime/unit_gradient_maxdet/round_1/fit', 'epoch': 1, 'best_epoch': 1, 'validation_mse': 245.9265601313723, 'seconds': 1.2517912500043167}
{'stage': 'fit', 'directory': '/Users/fish/Documents/GitHub/Retention-Time-Prediction-for-Chromatographic-Enantioseparation/studies/active_learning/odh_gradient_al_transfer_v2/runtime/unit_gradient_maxdet/round_1/fit', 'epoch': 25, 'best_epoch': 25, 'validation_mse': 67.19362216029056, 'seconds': 40.13999970900477}
{'stage': 'fit', 'directory': '/Users/fish/Documents/GitHub/Retention-Time-Prediction-for-Chromatographic-Enantioseparation/studies/active_learning/odh_gradient_al_transfer_v2/runtime/unit_gradient_maxdet/round_1/fit', 'epoch': 50, 'best_epoch': 45, 'validation_mse': 70.20983857827704, 'seconds': 83.60211341700051}
{'stage': 'fit', 'directory': '/Users/fish/Documents/GitHub/Retention-Time-Prediction-for-Chromatographic-Enantioseparation/studies/active_learning/odh_gradient_al_transfer_v2/runtime/unit_gradient_maxdet/round_1/fit', 'epoch': 75, 'best_epoch': 45, 'validation_mse': 78.4506291387616, 'seconds': 128.3290154999995}
{'stage': 'fit', 'directory': '/Users/fish/Documents/GitHub/Retention-Time-Prediction-for-Chromatographic-Enantioseparation/studies/active_learning/odh_gradient_al_transfer_v2/runtime/unit_gradient_maxdet/round_1/fit', 'epoch': 100, 'best_epoch': 45, 'validation_mse': 77.8500955800878, 'seconds': 167.99827966699377}
{'stage': 'fit', 'directory': '/Users/fish/Documents/GitHub/Retention-Time-Prediction-for-Chromatographic-Enantioseparation/studies/active_learning/odh_gradient_al_transfer_v2/runtime/unit_gradient_maxdet/round_1/fit', 'epoch': 125, 'best_epoch': 45, 'validation_mse': 74.26329123964648, 'seconds': 211.23913483400247}
{'stage': 'gradient', 'directory': '/Users/fish/Documents/GitHub/Retention-Time-Prediction-for-Chromatographic-Enantioseparation/studies/active_learning/odh_gradient_al_transfer_v2/runtime/unit_gradient_maxdet/round_1/raw_gradient_bank', 'completed': 1, 'total': 4447, 'seconds': 0.0620133330085082}
{'stage': 'gradient', 'directory': '/Users/fish/Documents/GitHub/Retention-Time-Prediction-for-Chromatographic-Enantioseparation/studies/active_learning/odh_gradient_al_transfer_v2/runtime/unit_gradient_maxdet/round_1/raw_gradient_bank', 'completed': 250, 'total': 4447, 'seconds': 6.408010208004271}
{'stage': 'gradient', 'directory': '/Users/fish/Documents/GitHub/Retention-Time-Prediction-for-Chromatographic-Enantioseparation/studies/active_learning/odh_gradient_al_transfer_v2/runtime/unit_gradient_maxdet/round_1/raw_gradient_bank', 'completed': 500, 'total': 4447, 'seconds': 11.141180416001589}
{'stage': 'gradient', 'directory': '/Users/fish/Documents/GitHub/Retention-Time-Prediction-for-Chromatographic-Enantioseparation/studies/active_learning/odh_gradient_al_transfer_v2/runtime/unit_gradient_maxdet/round_1/raw_gradient_bank', 'completed': 750, 'total': 4447, 'seconds': 17.04916375000903}
{'stage': 'gradient', 'directory': '/Users/fish/Documents/GitHub/Retention-Time-Prediction-for-Chromatographic-Enantioseparation/studies/active_learning/odh_gradient_al_transfer_v2/runtime/unit_gradient_maxdet/round_1/raw_gradient_bank', 'completed': 1000, 'total': 4447, 'seconds': 22.06735708299675}
{'stage': 'gradient', 'directory': '/Users/fish/Documents/GitHub/Retention-Time-Prediction-for-Chromatographic-Enantioseparation/studies/active_learning/odh_gradient_al_transfer_v2/runtime/unit_gradient_maxdet/round_1/raw_gradient_bank', 'completed': 1250, 'total': 4447, 'seconds': 27.549836000005598}
{'stage': 'gradient', 'directory': '/Users/fish/Documents/GitHub/Retention-Time-Prediction-for-Chromatographic-Enantioseparation/studies/active_learning/odh_gradient_al_transfer_v2/runtime/unit_gradient_maxdet/round_1/raw_gradient_bank', 'completed': 1500, 'total': 4447, 'seconds': 34.19991758299875}
{'stage': 'gradient', 'directory': '/Users/fish/Documents/GitHub/Retention-Time-Prediction-for-Chromatographic-Enantioseparation/studies/active_learning/odh_gradient_al_transfer_v2/runtime/unit_gradient_maxdet/round_1/raw_gradient_bank', 'completed': 1750, 'total': 4447, 'seconds': 41.06327312500798}
{'stage': 'gradient', 'directory': '/Users/fish/Documents/GitHub/Retention-Time-Prediction-for-Chromatographic-Enantioseparation/studies/active_learning/odh_gradient_al_transfer_v2/runtime/unit_gradient_maxdet/round_1/raw_gradient_bank', 'completed': 2000, 'total': 4447, 'seconds': 47.086735791002866}
{'stage': 'gradient', 'directory': '/Users/fish/Documents/GitHub/Retention-Time-Prediction-for-Chromatographic-Enantioseparation/studies/active_learning/odh_gradient_al_transfer_v2/runtime/unit_gradient_maxdet/round_1/raw_gradient_bank', 'completed': 2250, 'total': 4447, 'seconds': 51.542349333001766}
{'stage': 'gradient', 'directory': '/Users/fish/Documents/GitHub/Retention-Time-Prediction-for-Chromatographic-Enantioseparation/studies/active_learning/odh_gradient_al_transfer_v2/runtime/unit_gradient_maxdet/round_1/raw_gradient_bank', 'completed': 2500, 'total': 4447, 'seconds': 57.05805425001017}
{'stage': 'gradient', 'directory': '/Users/fish/Documents/GitHub/Retention-Time-Prediction-for-Chromatographic-Enantioseparation/studies/active_learning/odh_gradient_al_transfer_v2/runtime/unit_gradient_maxdet/round_1/raw_gradient_bank', 'completed': 2750, 'total': 4447, 'seconds': 64.17680987500353}
{'stage': 'gradient', 'directory': '/Users/fish/Documents/GitHub/Retention-Time-Prediction-for-Chromatographic-Enantioseparation/studies/active_learning/odh_gradient_al_transfer_v2/runtime/unit_gradient_maxdet/round_1/raw_gradient_bank', 'completed': 3000, 'total': 4447, 'seconds': 71.6607808330009}
{'stage': 'gradient', 'directory': '/Users/fish/Documents/GitHub/Retention-Time-Prediction-for-Chromatographic-Enantioseparation/studies/active_learning/odh_gradient_al_transfer_v2/runtime/unit_gradient_maxdet/round_1/raw_gradient_bank', 'completed': 3250, 'total': 4447, 'seconds': 78.63490866600478}
{'stage': 'gradient', 'directory': '/Users/fish/Documents/GitHub/Retention-Time-Prediction-for-Chromatographic-Enantioseparation/studies/active_learning/odh_gradient_al_transfer_v2/runtime/unit_gradient_maxdet/round_1/raw_gradient_bank', 'completed': 3500, 'total': 4447, 'seconds': 83.41914212499978}
{'stage': 'gradient', 'directory': '/Users/fish/Documents/GitHub/Retention-Time-Prediction-for-Chromatographic-Enantioseparation/studies/active_learning/odh_gradient_al_transfer_v2/runtime/unit_gradient_maxdet/round_1/raw_gradient_bank', 'completed': 3750, 'total': 4447, 'seconds': 88.20306354100467}
{'stage': 'gradient', 'directory': '/Users/fish/Documents/GitHub/Retention-Time-Prediction-for-Chromatographic-Enantioseparation/studies/active_learning/odh_gradient_al_transfer_v2/runtime/unit_gradient_maxdet/round_1/raw_gradient_bank', 'completed': 4000, 'total': 4447, 'seconds': 96.13778750000347}
{'stage': 'gradient', 'directory': '/Users/fish/Documents/GitHub/Retention-Time-Prediction-for-Chromatographic-Enantioseparation/studies/active_learning/odh_gradient_al_transfer_v2/runtime/unit_gradient_maxdet/round_1/raw_gradient_bank', 'completed': 4250, 'total': 4447, 'seconds': 103.92661904099805}
{'stage': 'gradient', 'directory': '/Users/fish/Documents/GitHub/Retention-Time-Prediction-for-Chromatographic-Enantioseparation/studies/active_learning/odh_gradient_al_transfer_v2/runtime/unit_gradient_maxdet/round_1/raw_gradient_bank', 'completed': 4447, 'total': 4447, 'seconds': 109.36106700000528}
{'stage': 'fit', 'directory': '/Users/fish/Documents/GitHub/Retention-Time-Prediction-for-Chromatographic-Enantioseparation/studies/active_learning/odh_gradient_al_transfer_v2/runtime/unit_gradient_maxdet/round_2/fit', 'epoch': 1, 'best_epoch': 1, 'validation_mse': 162.7558597588411, 'seconds': 1.6975453330087475}
{'stage': 'fit', 'directory': '/Users/fish/Documents/GitHub/Retention-Time-Prediction-for-Chromatographic-Enantioseparation/studies/active_learning/odh_gradient_al_transfer_v2/runtime/unit_gradient_maxdet/round_2/fit', 'epoch': 25, 'best_epoch': 20, 'validation_mse': 69.39334922954835, 'seconds': 43.17803233300219}
{'stage': 'fit', 'directory': '/Users/fish/Documents/GitHub/Retention-Time-Prediction-for-Chromatographic-Enantioseparation/studies/active_learning/odh_gradient_al_transfer_v2/runtime/unit_gradient_maxdet/round_2/fit', 'epoch': 50, 'best_epoch': 42, 'validation_mse': 75.66673030342515, 'seconds': 87.8419897499989}
{'stage': 'fit', 'directory': '/Users/fish/Documents/GitHub/Retention-Time-Prediction-for-Chromatographic-Enantioseparation/studies/active_learning/odh_gradient_al_transfer_v2/runtime/unit_gradient_maxdet/round_2/fit', 'epoch': 75, 'best_epoch': 42, 'validation_mse': 70.06552891119327, 'seconds': 134.36450162500842}
{'stage': 'fit', 'directory': '/Users/fish/Documents/GitHub/Retention-Time-Prediction-for-Chromatographic-Enantioseparation/studies/active_learning/odh_gradient_al_transfer_v2/runtime/unit_gradient_maxdet/round_2/fit', 'epoch': 100, 'best_epoch': 42, 'validation_mse': 74.33679814418092, 'seconds': 179.90275266600656}
{'stage': 'fit', 'directory': '/Users/fish/Documents/GitHub/Retention-Time-Prediction-for-Chromatographic-Enantioseparation/studies/active_learning/odh_gradient_al_transfer_v2/runtime/unit_gradient_maxdet/round_2/fit', 'epoch': 125, 'best_epoch': 42, 'validation_mse': 72.30142794755882, 'seconds': 218.18542200000957}
{'stage': 'gradient', 'directory': '/Users/fish/Documents/GitHub/Retention-Time-Prediction-for-Chromatographic-Enantioseparation/studies/active_learning/odh_gradient_al_transfer_v2/runtime/unit_gradient_maxdet/round_2/raw_gradient_bank', 'completed': 1, 'total': 4447, 'seconds': 0.02118266699835658}
{'stage': 'gradient', 'directory': '/Users/fish/Documents/GitHub/Retention-Time-Prediction-for-Chromatographic-Enantioseparation/studies/active_learning/odh_gradient_al_transfer_v2/runtime/unit_gradient_maxdet/round_2/raw_gradient_bank', 'completed': 250, 'total': 4447, 'seconds': 5.274636791989906}
{'stage': 'gradient', 'directory': '/Users/fish/Documents/GitHub/Retention-Time-Prediction-for-Chromatographic-Enantioseparation/studies/active_learning/odh_gradient_al_transfer_v2/runtime/unit_gradient_maxdet/round_2/raw_gradient_bank', 'completed': 500, 'total': 4447, 'seconds': 10.566886124986922}
{'stage': 'gradient', 'directory': '/Users/fish/Documents/GitHub/Retention-Time-Prediction-for-Chromatographic-Enantioseparation/studies/active_learning/odh_gradient_al_transfer_v2/runtime/unit_gradient_maxdet/round_2/raw_gradient_bank', 'completed': 750, 'total': 4447, 'seconds': 17.638875709002605}
{'stage': 'gradient', 'directory': '/Users/fish/Documents/GitHub/Retention-Time-Prediction-for-Chromatographic-Enantioseparation/studies/active_learning/odh_gradient_al_transfer_v2/runtime/unit_gradient_maxdet/round_2/raw_gradient_bank', 'completed': 1000, 'total': 4447, 'seconds': 22.36372704198584}
{'stage': 'gradient', 'directory': '/Users/fish/Documents/GitHub/Retention-Time-Prediction-for-Chromatographic-Enantioseparation/studies/active_learning/odh_gradient_al_transfer_v2/runtime/unit_gradient_maxdet/round_2/raw_gradient_bank', 'completed': 1250, 'total': 4447, 'seconds': 27.13715058399248}
{'stage': 'gradient', 'directory': '/Users/fish/Documents/GitHub/Retention-Time-Prediction-for-Chromatographic-Enantioseparation/studies/active_learning/odh_gradient_al_transfer_v2/runtime/unit_gradient_maxdet/round_2/raw_gradient_bank', 'completed': 1500, 'total': 4447, 'seconds': 33.535627709003165}
{'stage': 'gradient', 'directory': '/Users/fish/Documents/GitHub/Retention-Time-Prediction-for-Chromatographic-Enantioseparation/studies/active_learning/odh_gradient_al_transfer_v2/runtime/unit_gradient_maxdet/round_2/raw_gradient_bank', 'completed': 1750, 'total': 4447, 'seconds': 39.42627574998187}
{'stage': 'gradient', 'directory': '/Users/fish/Documents/GitHub/Retention-Time-Prediction-for-Chromatographic-Enantioseparation/studies/active_learning/odh_gradient_al_transfer_v2/runtime/unit_gradient_maxdet/round_2/raw_gradient_bank', 'completed': 2000, 'total': 4447, 'seconds': 44.45611083399854}
{'stage': 'gradient', 'directory': '/Users/fish/Documents/GitHub/Retention-Time-Prediction-for-Chromatographic-Enantioseparation/studies/active_learning/odh_gradient_al_transfer_v2/runtime/unit_gradient_maxdet/round_2/raw_gradient_bank', 'completed': 2250, 'total': 4447, 'seconds': 50.749510666995775}
{'stage': 'gradient', 'directory': '/Users/fish/Documents/GitHub/Retention-Time-Prediction-for-Chromatographic-Enantioseparation/studies/active_learning/odh_gradient_al_transfer_v2/runtime/unit_gradient_maxdet/round_2/raw_gradient_bank', 'completed': 2500, 'total': 4447, 'seconds': 58.91073316699476}
{'stage': 'gradient', 'directory': '/Users/fish/Documents/GitHub/Retention-Time-Prediction-for-Chromatographic-Enantioseparation/studies/active_learning/odh_gradient_al_transfer_v2/runtime/unit_gradient_maxdet/round_2/raw_gradient_bank', 'completed': 2750, 'total': 4447, 'seconds': 65.43967149997479}
{'stage': 'gradient', 'directory': '/Users/fish/Documents/GitHub/Retention-Time-Prediction-for-Chromatographic-Enantioseparation/studies/active_learning/odh_gradient_al_transfer_v2/runtime/unit_gradient_maxdet/round_2/raw_gradient_bank', 'completed': 3000, 'total': 4447, 'seconds': 70.60138041697792}
{'stage': 'gradient', 'directory': '/Users/fish/Documents/GitHub/Retention-Time-Prediction-for-Chromatographic-Enantioseparation/studies/active_learning/odh_gradient_al_transfer_v2/runtime/unit_gradient_maxdet/round_2/raw_gradient_bank', 'completed': 3250, 'total': 4447, 'seconds': 76.13424929199391}
{'stage': 'gradient', 'directory': '/Users/fish/Documents/GitHub/Retention-Time-Prediction-for-Chromatographic-Enantioseparation/studies/active_learning/odh_gradient_al_transfer_v2/runtime/unit_gradient_maxdet/round_2/raw_gradient_bank', 'completed': 3500, 'total': 4447, 'seconds': 82.83199649999733}
{'stage': 'gradient', 'directory': '/Users/fish/Documents/GitHub/Retention-Time-Prediction-for-Chromatographic-Enantioseparation/studies/active_learning/odh_gradient_al_transfer_v2/runtime/unit_gradient_maxdet/round_2/raw_gradient_bank', 'completed': 3750, 'total': 4447, 'seconds': 87.7898929999792}
{'stage': 'gradient', 'directory': '/Users/fish/Documents/GitHub/Retention-Time-Prediction-for-Chromatographic-Enantioseparation/studies/active_learning/odh_gradient_al_transfer_v2/runtime/unit_gradient_maxdet/round_2/raw_gradient_bank', 'completed': 4000, 'total': 4447, 'seconds': 92.82994129200233}
{'stage': 'gradient', 'directory': '/Users/fish/Documents/GitHub/Retention-Time-Prediction-for-Chromatographic-Enantioseparation/studies/active_learning/odh_gradient_al_transfer_v2/runtime/unit_gradient_maxdet/round_2/raw_gradient_bank', 'completed': 4250, 'total': 4447, 'seconds': 97.86201091698604}
{'stage': 'gradient', 'directory': '/Users/fish/Documents/GitHub/Retention-Time-Prediction-for-Chromatographic-Enantioseparation/studies/active_learning/odh_gradient_al_transfer_v2/runtime/unit_gradient_maxdet/round_2/raw_gradient_bank', 'completed': 4447, 'total': 4447, 'seconds': 101.93942983399029}
{'stage': 'fit', 'directory': '/Users/fish/Documents/GitHub/Retention-Time-Prediction-for-Chromatographic-Enantioseparation/studies/active_learning/odh_gradient_al_transfer_v2/runtime/unit_gradient_maxdet/round_3/fit', 'epoch': 1, 'best_epoch': 1, 'validation_mse': 167.49779882355853, 'seconds': 1.4373340840102173}
{'stage': 'fit', 'directory': '/Users/fish/Documents/GitHub/Retention-Time-Prediction-for-Chromatographic-Enantioseparation/studies/active_learning/odh_gradient_al_transfer_v2/runtime/unit_gradient_maxdet/round_3/fit', 'epoch': 25, 'best_epoch': 20, 'validation_mse': 87.15958783577577, 'seconds': 33.45472091701231}
{'stage': 'fit', 'directory': '/Users/fish/Documents/GitHub/Retention-Time-Prediction-for-Chromatographic-Enantioseparation/studies/active_learning/odh_gradient_al_transfer_v2/runtime/unit_gradient_maxdet/round_3/fit', 'epoch': 50, 'best_epoch': 28, 'validation_mse': 69.14551251369643, 'seconds': 55.68714054202428}
{'stage': 'fit', 'directory': '/Users/fish/Documents/GitHub/Retention-Time-Prediction-for-Chromatographic-Enantioseparation/studies/active_learning/odh_gradient_al_transfer_v2/runtime/unit_gradient_maxdet/round_3/fit', 'epoch': 75, 'best_epoch': 28, 'validation_mse': 76.04090356164266, 'seconds': 76.38890016701771}
