{
  "status": "COMPLETE_TINY_DEVELOPMENT_SMOKE",
  "phase2": "COMPLETE",
  "phase3": "tiny development smoke",
  "evidence": "ENGINEERING / DEVELOPMENT EVIDENCE ONLY",
  "seeds": 1,
  "acquisition_rounds": 3,
  "signals": {
    "validation": {
      "lcmd": {
        "aulc_relative_improvement": -0.015803294702142395,
        "endpoint_relative_improvement": -0.04146330757721454,
        "descriptive_direction_both_lower": false
      },
      "maxdet": {
        "aulc_relative_improvement": 0.04522054182990045,
        "endpoint_relative_improvement": 0.05619309494159367,
        "descriptive_direction_both_lower": true
      }
    },
    "test": {
      "lcmd": {
        "aulc_relative_improvement": 0.006094773251185283,
        "endpoint_relative_improvement": 0.020452701547294803,
        "descriptive_direction_both_lower": true
      },
      "maxdet": {
        "aulc_relative_improvement": -0.02591001255474684,
        "endpoint_relative_improvement": 0.02444280033748676,
        "descriptive_direction_both_lower": false
      }
    }
  },
  "winner_claim": false,
  "external_validation": false,
  "recommend_next_screen": true,
  "next_step": "consider explicitly authorized 2-seed 6\u201310-round screen with frozen protocol",
  "automatic_expansion": false
}
